******************************************************************************
                  TI ARM Linker PC v16.9.6                     
******************************************************************************
>> Linked Tue Oct 09 22:41:51 2018

OUTPUT FILE NAME:   <lab5.out>
ENTRY POINT SYMBOL: "_c_int00"  address: 0000069d


MEMORY CONFIGURATION

         name            origin    length      used     unused   attr    fill
----------------------  --------  ---------  --------  --------  ----  --------
  FLASH                 00000000   00040000  00000820  0003f7e0  R  X
  SRAM                  20000000   00008000  0000009c  00007f64  RW X


SEGMENT ALLOCATION MAP

run origin  load origin   length   init length attrs members
----------  ----------- ---------- ----------- ----- -------
00000000    00000000    00000820   00000820    r-x
  00000000    00000000    0000026c   0000026c    r-- .intvecs
  0000026c    0000026c    0000057c   0000057c    r-x .text
  000007e8    000007e8    00000038   00000038    r-- .cinit
20000000    20000000    0000009c   00000000    rw-
  20000000    20000000    00000064   00000000    rw- .stack
  20000064    20000064    00000020   00000000    rw- .bss
  20000084    20000084    00000018   00000000    rw- .data


SECTION ALLOCATION MAP

 output                                  attributes/
section   page    origin      length       input sections
--------  ----  ----------  ----------   ----------------
.intvecs   0    00000000    0000026c     
                  00000000    0000026c     tm4c123gh6pm_startup_ccs.obj (.intvecs)

.text      0    0000026c    0000057c     
                  0000026c    00000240     Task5-2.obj (.text)
                  000004ac    0000009c     rtsv7M4_T_le_v4SPD16_eabi.lib : memcpy_t2.obj (.text)
                  00000548    0000007a                                   : memset_t2.obj (.text)
                  000005c2    00000002                                   : mpu_init.obj (.text)
                  000005c4    00000070                                   : autoinit.obj (.text)
                  00000634    00000068                                   : copy_decompress_lzss.obj (.text:decompress:lzss)
                  0000069c    00000054                                   : boot.obj (.text)
                  000006f0    00000054                                   : exit.obj (.text)
                  00000744    0000004c                                   : cpy_tbl.obj (.text)
                  00000790    00000018                                   : args_main.obj (.text)
                  000007a8    00000014                                   : _lock.obj (.text)
                  000007bc    0000000e                                   : copy_decompress_none.obj (.text:decompress:none)
                  000007ca    0000000c                                   : copy_zero_init.obj (.text:decompress:ZI)
                  000007d6    0000000c     tm4c123gh6pm_startup_ccs.obj (.text)
                  000007e2    00000004     rtsv7M4_T_le_v4SPD16_eabi.lib : pre_init.obj (.text)
                  000007e6    00000002                                   : startup.obj (.text)

.cinit     0    000007e8    00000038     
                  000007e8    00000011     (.cinit..data.load) [load image, compression = lzss]
                  000007f9    00000003     --HOLE-- [fill = 0]
                  000007fc    0000000c     (__TI_handler_table)
                  00000808    00000008     (.cinit..bss.load) [load image, compression = zero_init]
                  00000810    00000010     (__TI_cinit_table)

.init_array 
*          0    00000000    00000000     UNINITIALIZED

.stack     0    20000000    00000064     UNINITIALIZED
                  20000000    00000064     --HOLE--

.bss       0    20000064    00000020     UNINITIALIZED
                  20000064    00000010     (.common:ui32ADC0Value)
                  20000074    00000004     (.common:ui32Period)
                  20000078    00000004     (.common:ui32TempAvg)
                  2000007c    00000004     (.common:ui32TempValueC)
                  20000080    00000004     (.common:ui32TempValueF)

.data      0    20000084    00000018     UNINITIALIZED
                  20000084    0000000c     rtsv7M4_T_le_v4SPD16_eabi.lib : exit.obj (.data:$O1$$)
                  20000090    00000008                                   : _lock.obj (.data:$O1$$)
                  20000098    00000004                                   : stkdepth_vars.obj (.data)

MODULE SUMMARY

       Module                         code   ro data   rw data
       ------                         ----   -------   -------
    .\
       tm4c123gh6pm_startup_ccs.obj   12     620       0      
       Task5-2.obj                    576    0         32     
    +--+------------------------------+------+---------+---------+
       Total:                         588    620       32     
                                                              
    C:\ti\ccsv7\tools\compiler\ti-cgt-arm_16.9.6.LTS\lib\rtsv7M4_T_le_v4SPD16_eabi.lib
       memcpy_t2.obj                  156    0         0      
       memset_t2.obj                  122    0         0      
       autoinit.obj                   112    0         0      
       copy_decompress_lzss.obj       104    0         0      
       exit.obj                       84     0         12     
       boot.obj                       84     0         0      
       cpy_tbl.obj                    76     0         0      
       _lock.obj                      20     0         8      
       args_main.obj                  24     0         0      
       copy_decompress_none.obj       14     0         0      
       copy_zero_init.obj             12     0         0      
       pre_init.obj                   4      0         0      
       stkdepth_vars.obj              0      0         4      
       mpu_init.obj                   2      0         0      
       startup.obj                    2      0         0      
    +--+------------------------------+------+---------+---------+
       Total:                         816    0         24     
                                                              
       Stack:                         0      0         100    
       Linker Generated:              0      53        0      
    +--+------------------------------+------+---------+---------+
       Grand Total:                   1404   673       156    


LINKER GENERATED COPY TABLES

__TI_cinit_table @ 00000810 records: 2, size/record: 8, table size: 16
	.data: load addr=000007e8, load size=00000011 bytes, run addr=20000084, run size=00000018 bytes, compression=lzss
	.bss: load addr=00000808, load size=00000008 bytes, run addr=20000064, run size=00000020 bytes, compression=zero_init


LINKER GENERATED HANDLER TABLE

__TI_handler_table @ 000007fc records: 3, size/record: 4, table size: 12
	index: 0, handler: __TI_decompress_lzss
	index: 1, handler: __TI_decompress_none
	index: 2, handler: __TI_zero_init


GLOBAL SYMBOLS: SORTED ALPHABETICALLY BY Name 

address   name                           
-------   ----                           
000006f1  C$$EXIT                        
000007d7  ResetISR                       
UNDEFED   SHT$$INIT_ARRAY$$Base          
UNDEFED   SHT$$INIT_ARRAY$$Limit         
00000391  Timer1IntHandler               
20000064  __STACK_END                    
00000064  __STACK_SIZE                   
20000200  __STACK_TOP                    
00000810  __TI_CINIT_Base                
00000820  __TI_CINIT_Limit               
000007fc  __TI_Handler_Table_Base        
00000808  __TI_Handler_Table_Limit       
000005c5  __TI_auto_init                 
20000084  __TI_cleanup_ptr               
00000635  __TI_decompress_lzss           
000007bd  __TI_decompress_none           
20000088  __TI_dtors_ptr                 
2000008c  __TI_enable_exit_profile_output
ffffffff  __TI_pprof_out_hndl            
ffffffff  __TI_prof_data_size            
ffffffff  __TI_prof_data_start           
00000000  __TI_static_base__             
000007cb  __TI_zero_init                 
00000549  __aeabi_memclr                 
00000549  __aeabi_memclr4                
00000549  __aeabi_memclr8                
000004ad  __aeabi_memcpy                 
000004ad  __aeabi_memcpy4                
000004ad  __aeabi_memcpy8                
0000054b  __aeabi_memset                 
0000054b  __aeabi_memset4                
0000054b  __aeabi_memset8                
ffffffff  __binit__                      
ffffffff  __c_args__                     
000005c3  __mpu_init                     
20000000  __stack                        
00000791  _args_main                     
0000069d  _c_int00                       
20000090  _lock                          
000007b7  _nop                           
000007af  _register_lock                 
000007a9  _register_unlock               
000007e7  _system_post_cinit             
000007e3  _system_pre_init               
20000094  _unlock                        
000006f5  abort                          
ffffffff  binit                          
00000745  copy_in                        
000006fd  exit                           
00000000  g_pfnVectors                   
00000279  main                           
20000098  main_func_sp                   
000004ad  memcpy                         
00000551  memset                         
20000064  ui32ADC0Value                  
20000074  ui32Period                     
20000078  ui32TempAvg                    
2000007c  ui32TempValueC                 
20000080  ui32TempValueF                 
0000026d  void__error__                  


GLOBAL SYMBOLS: SORTED BY Symbol Address 

address   name                           
-------   ----                           
00000000  __TI_static_base__             
00000000  g_pfnVectors                   
00000064  __STACK_SIZE                   
0000026d  void__error__                  
00000279  main                           
00000391  Timer1IntHandler               
000004ad  __aeabi_memcpy                 
000004ad  __aeabi_memcpy4                
000004ad  __aeabi_memcpy8                
000004ad  memcpy                         
00000549  __aeabi_memclr                 
00000549  __aeabi_memclr4                
00000549  __aeabi_memclr8                
0000054b  __aeabi_memset                 
0000054b  __aeabi_memset4                
0000054b  __aeabi_memset8                
00000551  memset                         
000005c3  __mpu_init                     
000005c5  __TI_auto_init                 
00000635  __TI_decompress_lzss           
0000069d  _c_int00                       
000006f1  C$$EXIT                        
000006f5  abort                          
000006fd  exit                           
00000745  copy_in                        
00000791  _args_main                     
000007a9  _register_unlock               
000007af  _register_lock                 
000007b7  _nop                           
000007bd  __TI_decompress_none           
000007cb  __TI_zero_init                 
000007d7  ResetISR                       
000007e3  _system_pre_init               
000007e7  _system_post_cinit             
000007fc  __TI_Handler_Table_Base        
00000808  __TI_Handler_Table_Limit       
00000810  __TI_CINIT_Base                
00000820  __TI_CINIT_Limit               
20000000  __stack                        
20000064  __STACK_END                    
20000064  ui32ADC0Value                  
20000074  ui32Period                     
20000078  ui32TempAvg                    
2000007c  ui32TempValueC                 
20000080  ui32TempValueF                 
20000084  __TI_cleanup_ptr               
20000088  __TI_dtors_ptr                 
2000008c  __TI_enable_exit_profile_output
20000090  _lock                          
20000094  _unlock                        
20000098  main_func_sp                   
20000200  __STACK_TOP                    
ffffffff  __TI_pprof_out_hndl            
ffffffff  __TI_prof_data_size            
ffffffff  __TI_prof_data_start           
ffffffff  __binit__                      
ffffffff  __c_args__                     
ffffffff  binit                          
UNDEFED   SHT$$INIT_ARRAY$$Base          
UNDEFED   SHT$$INIT_ARRAY$$Limit         

[60 symbols]
