******************************************************************************
                  TI ARM Linker PC v16.9.6                     
******************************************************************************
>> Linked Tue Oct 16 21:19:09 2018

OUTPUT FILE NAME:   <lab9.out>
ENTRY POINT SYMBOL: "_c_int00"  address: 000009c9


MEMORY CONFIGURATION

         name            origin    length      used     unused   attr    fill
----------------------  --------  ---------  --------  --------  ----  --------
  FLASH                 00000000   00040000  00000b82  0003f47e  R  X
  SRAM                  20000000   00008000  00001020  00006fe0  RW X


SEGMENT ALLOCATION MAP

run origin  load origin   length   init length attrs members
----------  ----------- ---------- ----------- ----- -------
00000000    00000000    00000b88   00000b88    r-x
  00000000    00000000    0000026c   0000026c    r-- .intvecs
  0000026c    0000026c    000008de   000008de    r-x .text
  00000b50    00000b50    00000038   00000038    r-- .cinit
20000000    20000000    00001020   00000000    rw-
  20000000    20000000    00000fa0   00000000    rw- .bss
  20000fa0    20000fa0    00000064   00000000    rw- .stack
  20001004    20001004    0000001c   00000000    rw- .data


SECTION ALLOCATION MAP

 output                                  attributes/
section   page    origin      length       input sections
--------  ----  ----------  ----------   ----------------
.intvecs   0    00000000    0000026c     
                  00000000    0000026c     tm4c123gh6pm_startup_ccs.obj (.intvecs)

.text      0    0000026c    000008de     
                  0000026c    000001b6     rtsv7M4_T_le_v4SPD16_eabi.lib : fd_add_t2.obj (.text)
                  00000422    000000fc                                   : fd_mul_t2.obj (.text)
                  0000051e    00000002                                   : mpu_init.obj (.text)
                  00000520    000000f0     Lab9-2.obj (.text)
                  00000610    000000b4     rtsv7M4_T_le_v4SPD16_eabi.lib : s_cosf.obj (.text)
                  000006c4    000000a4                                   : s_sinf.obj (.text)
                  00000768    0000009c                                   : memcpy_t2.obj (.text)
                  00000804    0000007a                                   : memset_t2.obj (.text)
                  0000087e    00000002                                   : startup.obj (.text)
                  00000880    00000070                                   : autoinit.obj (.text)
                  000008f0    0000006e                                   : fd_tos_t2.obj (.text)
                  0000095e    00000068                                   : copy_decompress_lzss.obj (.text:decompress:lzss)
                  000009c6    00000002     --HOLE-- [fill = 0]
                  000009c8    00000054                                   : boot.obj (.text)
                  00000a1c    00000054                                   : exit.obj (.text)
                  00000a70    0000004c                                   : cpy_tbl.obj (.text)
                  00000abc    00000038                                   : fs_tod_t2.obj (.text)
                  00000af4    00000018                                   : args_main.obj (.text)
                  00000b0c    00000014                                   : _lock.obj (.text)
                  00000b20    0000000e                                   : copy_decompress_none.obj (.text:decompress:none)
                  00000b2e    0000000c                                   : copy_zero_init.obj (.text:decompress:ZI)
                  00000b3a    0000000c     tm4c123gh6pm_startup_ccs.obj (.text)
                  00000b46    00000004     rtsv7M4_T_le_v4SPD16_eabi.lib : pre_init.obj (.text)

.cinit     0    00000b50    00000038     
                  00000b50    00000011     (.cinit..data.load) [load image, compression = lzss]
                  00000b61    00000003     --HOLE-- [fill = 0]
                  00000b64    0000000c     (__TI_handler_table)
                  00000b70    00000008     (.cinit..bss.load) [load image, compression = zero_init]
                  00000b78    00000010     (__TI_cinit_table)

.init_array 
*          0    00000000    00000000     UNINITIALIZED

.bss       0    20000000    00000fa0     UNINITIALIZED
                  20000000    00000fa0     (.common:gSeriesData)

.stack     0    20000fa0    00000064     UNINITIALIZED
                  20000fa0    00000064     --HOLE--

.data      0    20001004    0000001c     UNINITIALIZED
                  20001004    0000000c     rtsv7M4_T_le_v4SPD16_eabi.lib : exit.obj (.data:$O1$$)
                  20001010    00000008                                   : _lock.obj (.data:$O1$$)
                  20001018    00000004     Lab9-2.obj (.data)
                  2000101c    00000004     rtsv7M4_T_le_v4SPD16_eabi.lib : stkdepth_vars.obj (.data)

MODULE SUMMARY

       Module                         code   ro data   rw data
       ------                         ----   -------   -------
    .\
       Lab9-2.obj                     240    0         4004   
       tm4c123gh6pm_startup_ccs.obj   12     620       0      
    +--+------------------------------+------+---------+---------+
       Total:                         252    620       4004   
                                                              
    C:\ti\ccsv7\tools\compiler\ti-cgt-arm_16.9.6.LTS\lib\rtsv7M4_T_le_v4SPD16_eabi.lib
       fd_add_t2.obj                  438    0         0      
       fd_mul_t2.obj                  252    0         0      
       s_cosf.obj                     180    0         0      
       s_sinf.obj                     164    0         0      
       memcpy_t2.obj                  156    0         0      
       memset_t2.obj                  122    0         0      
       autoinit.obj                   112    0         0      
       fd_tos_t2.obj                  110    0         0      
       copy_decompress_lzss.obj       104    0         0      
       exit.obj                       84     0         12     
       boot.obj                       84     0         0      
       cpy_tbl.obj                    76     0         0      
       fs_tod_t2.obj                  56     0         0      
       _lock.obj                      20     0         8      
       args_main.obj                  24     0         0      
       copy_decompress_none.obj       14     0         0      
       copy_zero_init.obj             12     0         0      
       pre_init.obj                   4      0         0      
       stkdepth_vars.obj              0      0         4      
       mpu_init.obj                   2      0         0      
       startup.obj                    2      0         0      
    +--+------------------------------+------+---------+---------+
       Total:                         2016   0         24     
                                                              
       Stack:                         0      0         100    
       Linker Generated:              0      53        0      
    +--+------------------------------+------+---------+---------+
       Grand Total:                   2268   673       4128   


LINKER GENERATED COPY TABLES

__TI_cinit_table @ 00000b78 records: 2, size/record: 8, table size: 16
	.data: load addr=00000b50, load size=00000011 bytes, run addr=20001004, run size=0000001c bytes, compression=lzss
	.bss: load addr=00000b70, load size=00000008 bytes, run addr=20000000, run size=00000fa0 bytes, compression=zero_init


LINKER GENERATED HANDLER TABLE

__TI_handler_table @ 00000b64 records: 3, size/record: 4, table size: 12
	index: 0, handler: __TI_decompress_lzss
	index: 1, handler: __TI_decompress_none
	index: 2, handler: __TI_zero_init


GLOBAL SYMBOLS: SORTED ALPHABETICALLY BY Name 

address   name                           
-------   ----                           
00000a1d  C$$EXIT                        
00000b3b  ResetISR                       
UNDEFED   SHT$$INIT_ARRAY$$Base          
UNDEFED   SHT$$INIT_ARRAY$$Limit         
20001004  __STACK_END                    
00000064  __STACK_SIZE                   
200011a0  __STACK_TOP                    
00000b78  __TI_CINIT_Base                
00000b88  __TI_CINIT_Limit               
00000b64  __TI_Handler_Table_Base        
00000b70  __TI_Handler_Table_Limit       
00000881  __TI_auto_init                 
20001004  __TI_cleanup_ptr               
0000095f  __TI_decompress_lzss           
00000b21  __TI_decompress_none           
20001008  __TI_dtors_ptr                 
2000100c  __TI_enable_exit_profile_output
ffffffff  __TI_pprof_out_hndl            
ffffffff  __TI_prof_data_size            
ffffffff  __TI_prof_data_start           
00000000  __TI_static_base__             
00000b2f  __TI_zero_init                 
000008f1  __aeabi_d2f                    
00000277  __aeabi_dadd                   
00000423  __aeabi_dmul                   
0000026d  __aeabi_dsub                   
00000abd  __aeabi_f2d                    
00000805  __aeabi_memclr                 
00000805  __aeabi_memclr4                
00000805  __aeabi_memclr8                
00000769  __aeabi_memcpy                 
00000769  __aeabi_memcpy4                
00000769  __aeabi_memcpy8                
00000807  __aeabi_memset                 
00000807  __aeabi_memset4                
00000807  __aeabi_memset8                
ffffffff  __binit__                      
ffffffff  __c_args__                     
0000051f  __mpu_init                     
20000fa0  __stack                        
00000af5  _args_main                     
000009c9  _c_int00                       
20001010  _lock                          
00000b1b  _nop                           
00000b13  _register_lock                 
00000b0d  _register_unlock               
0000087f  _system_post_cinit             
00000b47  _system_pre_init               
20001014  _unlock                        
00000a21  abort                          
ffffffff  binit                          
00000a71  copy_in                        
00000611  cosf                           
00000a29  exit                           
20000000  gSeriesData                    
00000000  g_pfnVectors                   
20001018  i32DataCount                   
00000521  main                           
2000101c  main_func_sp                   
00000769  memcpy                         
0000080d  memset                         
000006c5  sinf                           


GLOBAL SYMBOLS: SORTED BY Symbol Address 

address   name                           
-------   ----                           
00000000  __TI_static_base__             
00000000  g_pfnVectors                   
00000064  __STACK_SIZE                   
0000026d  __aeabi_dsub                   
00000277  __aeabi_dadd                   
00000423  __aeabi_dmul                   
0000051f  __mpu_init                     
00000521  main                           
00000611  cosf                           
000006c5  sinf                           
00000769  __aeabi_memcpy                 
00000769  __aeabi_memcpy4                
00000769  __aeabi_memcpy8                
00000769  memcpy                         
00000805  __aeabi_memclr                 
00000805  __aeabi_memclr4                
00000805  __aeabi_memclr8                
00000807  __aeabi_memset                 
00000807  __aeabi_memset4                
00000807  __aeabi_memset8                
0000080d  memset                         
0000087f  _system_post_cinit             
00000881  __TI_auto_init                 
000008f1  __aeabi_d2f                    
0000095f  __TI_decompress_lzss           
000009c9  _c_int00                       
00000a1d  C$$EXIT                        
00000a21  abort                          
00000a29  exit                           
00000a71  copy_in                        
00000abd  __aeabi_f2d                    
00000af5  _args_main                     
00000b0d  _register_unlock               
00000b13  _register_lock                 
00000b1b  _nop                           
00000b21  __TI_decompress_none           
00000b2f  __TI_zero_init                 
00000b3b  ResetISR                       
00000b47  _system_pre_init               
00000b64  __TI_Handler_Table_Base        
00000b70  __TI_Handler_Table_Limit       
00000b78  __TI_CINIT_Base                
00000b88  __TI_CINIT_Limit               
20000000  gSeriesData                    
20000fa0  __stack                        
20001004  __STACK_END                    
20001004  __TI_cleanup_ptr               
20001008  __TI_dtors_ptr                 
2000100c  __TI_enable_exit_profile_output
20001010  _lock                          
20001014  _unlock                        
20001018  i32DataCount                   
2000101c  main_func_sp                   
200011a0  __STACK_TOP                    
ffffffff  __TI_pprof_out_hndl            
ffffffff  __TI_prof_data_size            
ffffffff  __TI_prof_data_start           
ffffffff  __binit__                      
ffffffff  __c_args__                     
ffffffff  binit                          
UNDEFED   SHT$$INIT_ARRAY$$Base          
UNDEFED   SHT$$INIT_ARRAY$$Limit         

[62 symbols]
