******************************************************************************
                  TI ARM Linker PC v16.9.8                     
******************************************************************************
>> Linked Sun Oct 28 23:07:46 2018

OUTPUT FILE NAME:   <lab10.out>
ENTRY POINT SYMBOL: "_c_int00"  address: 00001e65


MEMORY CONFIGURATION

         name            origin    length      used     unused   attr    fill
----------------------  --------  ---------  --------  --------  ----  --------
  FLASH                 00000000   00040000  0000246c  0003db94  R  X
  SRAM                  20000000   00008000  00000224  00007ddc  RW X


SEGMENT ALLOCATION MAP

run origin  load origin   length   init length attrs members
----------  ----------- ---------- ----------- ----- -------
00000000    00000000    0000246c   0000246c    r-x
  00000000    00000000    0000026c   0000026c    r-- .intvecs
  0000026c    0000026c    00002050   00002050    r-x .text
  000022bc    000022bc    0000018c   0000018c    r-- .const
  00002448    00002448    00000024   00000024    r-- .cinit
20000000    20000000    00000224   00000000    rw-
  20000000    20000000    00000200   00000000    rw- .stack
  20000200    20000200    00000024   00000000    rw- .data


SECTION ALLOCATION MAP

 output                                  attributes/
section   page    origin      length       input sections
--------  ----  ----------  ----------   ----------------
.intvecs   0    00000000    0000026c     
                  00000000    0000026c     tm4c123gh6pm_startup_ccs.obj (.intvecs)

.text      0    0000026c    00002050     
                  0000026c    00000c84     ustdlib.obj (.text)
                  00000ef0    000005c8     midterm.obj (.text)
                  000014b8    0000049c     uartstdio.obj (.text)
                  00001954    00000132     driverlib.lib : gpio.obj (.text:GPIOPadConfigSet)
                  00001a86    00000002     rtsv7M4_T_le_v4SPD16_eabi.lib : i_div0.obj (.text)
                  00001a88    00000110     driverlib.lib : sysctl.obj (.text:SysCtlClockGet)
                  00001b98    000000f4                   : sysctl.obj (.text:SysCtlClockSet)
                  00001c8c    0000009c     rtsv7M4_T_le_v4SPD16_eabi.lib : memcpy_t2.obj (.text)
                  00001d28    00000070                                   : autoinit.obj (.text)
                  00001d98    00000068                                   : copy_decompress_lzss.obj (.text:decompress:lzss)
                  00001e00    00000064     driverlib.lib : hibernate.obj (.text:HibernateWakeSet)
                  00001e64    00000054     rtsv7M4_T_le_v4SPD16_eabi.lib : boot.obj (.text)
                  00001eb8    00000054                                   : exit.obj (.text)
                  00001f0c    0000004c     driverlib.lib : i2c.obj (.text:I2CMasterInitExpClk)
                  00001f58    0000004c     rtsv7M4_T_le_v4SPD16_eabi.lib : cpy_tbl.obj (.text)
                  00001fa4    00000048     driverlib.lib : gpio.obj (.text:GPIOPinConfigure)
                  00001fec    00000046                   : uart.obj (.text:UARTConfigSetExpClk)
                  00002032    00000040     rtsv7M4_T_le_v4SPD16_eabi.lib : u_divt2.obj (.text)
                  00002072    00000002                                   : mpu_init.obj (.text)
                  00002074    00000038     driverlib.lib : sysctl.obj (.text:SysCtlPeripheralPresent)
                  000020ac    00000034                   : sysctl.obj (.text:SysCtlPeripheralEnable)
                  000020e0    0000002c                   : hibernate.obj (.text:HibernateRTCSet)
                  0000210c    0000002a                   : gpio.obj (.text:GPIODirModeSet)
                  00002136    00000002     rtsv7M4_T_le_v4SPD16_eabi.lib : startup.obj (.text)
                  00002138    00000020     driverlib.lib : uart.obj (.text:UARTDisable)
                  00002158    00000018                   : hibernate.obj (.text:HibernateGPIORetentionEnable)
                  00002170    00000018     rtsv7M4_T_le_v4SPD16_eabi.lib : args_main.obj (.text)
                  00002188    00000014     driverlib.lib : hibernate.obj (.text:HibernateEnableExpClk)
                  0000219c    00000014                   : hibernate.obj (.text:HibernateRTCEnable)
                  000021b0    00000014                   : hibernate.obj (.text:HibernateRequest)
                  000021c4    00000014                   : uart.obj (.text:UARTEnable)
                  000021d8    00000014     rtsv7M4_T_le_v4SPD16_eabi.lib : _lock.obj (.text)
                  000021ec    00000014                                   : strlen.obj (.text)
                  00002200    00000012     driverlib.lib : gpio.obj (.text:GPIOPinTypeI2C)
                  00002212    00000012                   : gpio.obj (.text:GPIOPinTypeI2CSCL)
                  00002224    00000012                   : gpio.obj (.text:GPIOPinTypeUART)
                  00002236    00000002     --HOLE-- [fill = 0]
                  00002238    00000010                   : hibernate.obj (.text:HibernateRTCMatchSet)
                  00002248    00000010                   : hibernate.obj (.text:_HibernateWriteComplete)
                  00002258    0000000e     rtsv7M4_T_le_v4SPD16_eabi.lib : copy_decompress_none.obj (.text:decompress:none)
                  00002266    0000000c     tm4c123gh6pm_startup_ccs.obj (.text)
                  00002272    0000000a     driverlib.lib : i2c.obj (.text:I2CMasterEnable)
                  0000227c    0000000a                   : uart.obj (.text:UARTCharGet)
                  00002286    0000000a                   : uart.obj (.text:UARTCharPut)
                  00002290    00000008                   : i2c.obj (.text:I2CMasterBusy)
                  00002298    00000008                   : i2c.obj (.text:I2CMasterSlaveAddrSet)
                  000022a0    00000006                   : sysctl.obj (.text:SysCtlDelay)
                  000022a6    00000006                   : uart.obj (.text:UARTClockSourceSet)
                  000022ac    00000004                   : i2c.obj (.text:I2CMasterControl)
                  000022b0    00000004                   : i2c.obj (.text:I2CMasterDataGet)
                  000022b4    00000004                   : i2c.obj (.text:I2CMasterDataPut)
                  000022b8    00000004     rtsv7M4_T_le_v4SPD16_eabi.lib : pre_init.obj (.text)

.const     0    000022bc    0000018c     
                  000022bc    00000090     driverlib.lib : gpio.obj (.const:g_pui32GPIOBaseAddrs)
                  0000234c    0000006c                   : sysctl.obj (.const:g_pui32Xtals)
                  000023b8    00000030     ustdlib.obj (.const:g_psDaysToMonth)
                  000023e8    00000018     ustdlib.obj (.const:g_pfExponents)
                  00002400    00000012     uartstdio.obj (.const:.string)
                  00002412    00000002     --HOLE-- [fill = 0]
                  00002414    00000012     ustdlib.obj (.const:.string)
                  00002426    00000002     --HOLE-- [fill = 0]
                  00002428    0000000c     uartstdio.obj (.const:g_ui32UARTBase)
                  00002434    0000000c     uartstdio.obj (.const:g_ui32UARTPeriph)
                  00002440    00000004     uartstdio.obj (.const)
                  00002444    00000004     ustdlib.obj (.const)

.cinit     0    00002448    00000024     
                  00002448    00000013     (.cinit..data.load) [load image, compression = lzss]
                  0000245b    00000001     --HOLE-- [fill = 0]
                  0000245c    00000008     (__TI_handler_table)
                  00002464    00000008     (__TI_cinit_table)

.init_array 
*          0    00000000    00000000     UNINITIALIZED

.stack     0    20000000    00000200     UNINITIALIZED
                  20000000    00000200     --HOLE--

.data      0    20000200    00000024     UNINITIALIZED
                  20000200    0000000c     rtsv7M4_T_le_v4SPD16_eabi.lib : exit.obj (.data:$O1$$)
                  2000020c    00000008                                   : _lock.obj (.data:$O1$$)
                  20000214    00000005     uartstdio.obj (.data)
                  20000219    00000003     --HOLE--
                  2000021c    00000004     rtsv7M4_T_le_v4SPD16_eabi.lib : stkdepth_vars.obj (.data)
                  20000220    00000004     ustdlib.obj (.data)

MODULE SUMMARY

       Module                         code   ro data   rw data
       ------                         ----   -------   -------
    .\
       ustdlib.obj                    3204   94        4      
       midterm.obj                    1480   0         0      
       uartstdio.obj                  1180   46        5      
       tm4c123gh6pm_startup_ccs.obj   12     620       0      
    +--+------------------------------+------+---------+---------+
       Total:                         5876   760       9      
                                                              
    C:/ti/tivaware_c_series_2_1_4_178/driverlib/ccs/Debug/driverlib.lib
       sysctl.obj                     630    108       0      
       gpio.obj                       474    144       0      
       hibernate.obj                  260    0         0      
       uart.obj                       148    0         0      
       i2c.obj                        114    0         0      
    +--+------------------------------+------+---------+---------+
       Total:                         1626   252       0      
                                                              
    C:\ti\ccsv7\tools\compiler\ti-cgt-arm_16.9.8.LTS\lib\rtsv7M4_T_le_v4SPD16_eabi.lib
       memcpy_t2.obj                  156    0         0      
       autoinit.obj                   112    0         0      
       copy_decompress_lzss.obj       104    0         0      
       exit.obj                       84     0         12     
       boot.obj                       84     0         0      
       cpy_tbl.obj                    76     0         0      
       u_divt2.obj                    64     0         0      
       _lock.obj                      20     0         8      
       args_main.obj                  24     0         0      
       strlen.obj                     20     0         0      
       copy_decompress_none.obj       14     0         0      
       pre_init.obj                   4      0         0      
       stkdepth_vars.obj              0      0         4      
       i_div0.obj                     2      0         0      
       mpu_init.obj                   2      0         0      
       startup.obj                    2      0         0      
    +--+------------------------------+------+---------+---------+
       Total:                         768    0         24     
                                                              
       Stack:                         0      0         512    
       Linker Generated:              0      35        0      
    +--+------------------------------+------+---------+---------+
       Grand Total:                   8270   1047      545    


LINKER GENERATED COPY TABLES

__TI_cinit_table @ 00002464 records: 1, size/record: 8, table size: 8
	.data: load addr=00002448, load size=00000013 bytes, run addr=20000200, run size=00000024 bytes, compression=lzss


LINKER GENERATED HANDLER TABLE

__TI_handler_table @ 0000245c records: 2, size/record: 4, table size: 8
	index: 0, handler: __TI_decompress_lzss
	index: 1, handler: __TI_decompress_none


GLOBAL SYMBOLS: SORTED ALPHABETICALLY BY Name 

address   name                           
-------   ----                           
00001eb9  C$$EXIT                        
00000ef1  ConfigureUART1                 
0000210d  GPIODirModeSet                 
00001955  GPIOPadConfigSet               
00001fa5  GPIOPinConfigure               
00002201  GPIOPinTypeI2C                 
00002213  GPIOPinTypeI2CSCL              
00002225  GPIOPinTypeUART                
00001189  GetLuminosity                  
00002189  HibernateEnableExpClk          
00002159  HibernateGPIORetentionEnable   
0000219d  HibernateRTCEnable             
00002239  HibernateRTCMatchSet           
000020e1  HibernateRTCSet                
000021b1  HibernateRequest               
00001e01  HibernateWakeSet               
00000f45  I2C0_Init                      
00001095  I2C0_Read                      
00000f89  I2C0_Write                     
00002291  I2CMasterBusy                  
000022ad  I2CMasterControl               
000022b1  I2CMasterDataGet               
000022b5  I2CMasterDataPut               
00002273  I2CMasterEnable                
00001f0d  I2CMasterInitExpClk            
00002299  I2CMasterSlaveAddrSet          
00002267  ResetISR                       
UNDEFED   SHT$$INIT_ARRAY$$Base          
UNDEFED   SHT$$INIT_ARRAY$$Limit         
00001a89  SysCtlClockGet                 
00001b99  SysCtlClockSet                 
000022a1  SysCtlDelay                    
000020ad  SysCtlPeripheralEnable         
00002075  SysCtlPeripheralPresent        
0000110b  TSL2591_init                   
0000227d  UARTCharGet                    
00002287  UARTCharPut                    
000022a7  UARTClockSourceSet             
00001fed  UARTConfigSetExpClk            
00002139  UARTDisable                    
000021c5  UARTEnable                     
000014b9  UARTStdioConfig                
000015ff  UARTgetc                       
00001545  UARTgets                       
0000191f  UARTprintf                     
00001625  UARTvprintf                    
000014ff  UARTwrite                      
20000200  __STACK_END                    
00000200  __STACK_SIZE                   
20000200  __STACK_TOP                    
00002464  __TI_CINIT_Base                
0000246c  __TI_CINIT_Limit               
0000245c  __TI_Handler_Table_Base        
00002464  __TI_Handler_Table_Limit       
00001d29  __TI_auto_init                 
20000200  __TI_cleanup_ptr               
00001d99  __TI_decompress_lzss           
00002259  __TI_decompress_none           
20000204  __TI_dtors_ptr                 
20000208  __TI_enable_exit_profile_output
ffffffff  __TI_pprof_out_hndl            
ffffffff  __TI_prof_data_size            
ffffffff  __TI_prof_data_start           
00000000  __TI_static_base__             
00001a87  __aeabi_idiv0                  
00001c8d  __aeabi_memcpy                 
00001c8d  __aeabi_memcpy4                
00001c8d  __aeabi_memcpy8                
00002033  __aeabi_uidiv                  
00002033  __aeabi_uidivmod               
ffffffff  __binit__                      
ffffffff  __c_args__                     
00002073  __mpu_init                     
20000000  __stack                        
00002171  _args_main                     
00001e65  _c_int00                       
2000020c  _lock                          
000021e7  _nop                           
000021df  _register_lock                 
000021d9  _register_unlock               
00002137  _system_post_cinit             
000022b9  _system_pre_init               
20000210  _unlock                        
00001ebd  abort                          
ffffffff  binit                          
00001f59  copy_in                        
00001ec5  exit                           
00000000  g_pfnVectors                   
0000127b  main                           
2000021c  main_func_sp                   
00001c8d  memcpy                         
000021ed  strlen                         
00000751  ulocaltime                     
0000094f  umktime                        
00000ec9  urand                          
00000721  usnprintf                      
000006ef  usprintf                       
00000eb9  usrand                         
00000e31  ustrcasecmp                    
00000ea5  ustrcmp                        
00000d35  ustrlen                        
00000d8d  ustrncasecmp                   
00000e45  ustrncmp                       
0000026d  ustrncpy                       
00000d57  ustrstr                        
00000afd  ustrtof                        
000009c5  ustrtoul                       
000002c5  uvsnprintf                     


GLOBAL SYMBOLS: SORTED BY Symbol Address 

address   name                           
-------   ----                           
00000000  __TI_static_base__             
00000000  g_pfnVectors                   
00000200  __STACK_SIZE                   
0000026d  ustrncpy                       
000002c5  uvsnprintf                     
000006ef  usprintf                       
00000721  usnprintf                      
00000751  ulocaltime                     
0000094f  umktime                        
000009c5  ustrtoul                       
00000afd  ustrtof                        
00000d35  ustrlen                        
00000d57  ustrstr                        
00000d8d  ustrncasecmp                   
00000e31  ustrcasecmp                    
00000e45  ustrncmp                       
00000ea5  ustrcmp                        
00000eb9  usrand                         
00000ec9  urand                          
00000ef1  ConfigureUART1                 
00000f45  I2C0_Init                      
00000f89  I2C0_Write                     
00001095  I2C0_Read                      
0000110b  TSL2591_init                   
00001189  GetLuminosity                  
0000127b  main                           
000014b9  UARTStdioConfig                
000014ff  UARTwrite                      
00001545  UARTgets                       
000015ff  UARTgetc                       
00001625  UARTvprintf                    
0000191f  UARTprintf                     
00001955  GPIOPadConfigSet               
00001a87  __aeabi_idiv0                  
00001a89  SysCtlClockGet                 
00001b99  SysCtlClockSet                 
00001c8d  __aeabi_memcpy                 
00001c8d  __aeabi_memcpy4                
00001c8d  __aeabi_memcpy8                
00001c8d  memcpy                         
00001d29  __TI_auto_init                 
00001d99  __TI_decompress_lzss           
00001e01  HibernateWakeSet               
00001e65  _c_int00                       
00001eb9  C$$EXIT                        
00001ebd  abort                          
00001ec5  exit                           
00001f0d  I2CMasterInitExpClk            
00001f59  copy_in                        
00001fa5  GPIOPinConfigure               
00001fed  UARTConfigSetExpClk            
00002033  __aeabi_uidiv                  
00002033  __aeabi_uidivmod               
00002073  __mpu_init                     
00002075  SysCtlPeripheralPresent        
000020ad  SysCtlPeripheralEnable         
000020e1  HibernateRTCSet                
0000210d  GPIODirModeSet                 
00002137  _system_post_cinit             
00002139  UARTDisable                    
00002159  HibernateGPIORetentionEnable   
00002171  _args_main                     
00002189  HibernateEnableExpClk          
0000219d  HibernateRTCEnable             
000021b1  HibernateRequest               
000021c5  UARTEnable                     
000021d9  _register_unlock               
000021df  _register_lock                 
000021e7  _nop                           
000021ed  strlen                         
00002201  GPIOPinTypeI2C                 
00002213  GPIOPinTypeI2CSCL              
00002225  GPIOPinTypeUART                
00002239  HibernateRTCMatchSet           
00002259  __TI_decompress_none           
00002267  ResetISR                       
00002273  I2CMasterEnable                
0000227d  UARTCharGet                    
00002287  UARTCharPut                    
00002291  I2CMasterBusy                  
00002299  I2CMasterSlaveAddrSet          
000022a1  SysCtlDelay                    
000022a7  UARTClockSourceSet             
000022ad  I2CMasterControl               
000022b1  I2CMasterDataGet               
000022b5  I2CMasterDataPut               
000022b9  _system_pre_init               
0000245c  __TI_Handler_Table_Base        
00002464  __TI_CINIT_Base                
00002464  __TI_Handler_Table_Limit       
0000246c  __TI_CINIT_Limit               
20000000  __stack                        
20000200  __STACK_END                    
20000200  __STACK_TOP                    
20000200  __TI_cleanup_ptr               
20000204  __TI_dtors_ptr                 
20000208  __TI_enable_exit_profile_output
2000020c  _lock                          
20000210  _unlock                        
2000021c  main_func_sp                   
ffffffff  __TI_pprof_out_hndl            
ffffffff  __TI_prof_data_size            
ffffffff  __TI_prof_data_start           
ffffffff  __binit__                      
ffffffff  __c_args__                     
ffffffff  binit                          
UNDEFED   SHT$$INIT_ARRAY$$Base          
UNDEFED   SHT$$INIT_ARRAY$$Limit         

[108 symbols]
