******************************************************************************
                  TI ARM Linker PC v16.9.8                     
******************************************************************************
>> Linked Sun Oct 21 21:26:46 2018

OUTPUT FILE NAME:   <midterm.out>
ENTRY POINT SYMBOL: "_c_int00"  address: 00001e05


MEMORY CONFIGURATION

         name            origin    length      used     unused   attr    fill
----------------------  --------  ---------  --------  --------  ----  --------
  FLASH                 00000000   00040000  0000240c  0003dbf4  R  X
  SRAM                  20000000   00008000  00000224  00007ddc  RW X


SEGMENT ALLOCATION MAP

run origin  load origin   length   init length attrs members
----------  ----------- ---------- ----------- ----- -------
00000000    00000000    0000240c   0000240c    r-x
  00000000    00000000    0000026c   0000026c    r-- .intvecs
  0000026c    0000026c    00001ff0   00001ff0    r-x .text
  0000225c    0000225c    0000018c   0000018c    r-- .const
  000023e8    000023e8    00000024   00000024    r-- .cinit
20000000    20000000    00000224   00000000    rw-
  20000000    20000000    00000200   00000000    rw- .stack
  20000200    20000200    00000024   00000000    rw- .data


SECTION ALLOCATION MAP

 output                                  attributes/
section   page    origin      length       input sections
--------  ----  ----------  ----------   ----------------
.intvecs   0    00000000    0000026c     
                  00000000    0000026c     tm4c123gh6pm_startup_ccs.obj (.intvecs)

.text      0    0000026c    00001ff0     
                  0000026c    00000c84     ustdlib.obj (.text)
                  00000ef0    00000568     cpe403_midterm_template.obj (.text)
                  00001458    0000049c     uartstdio.obj (.text)
                  000018f4    00000132     driverlib.lib : gpio.obj (.text:GPIOPadConfigSet)
                  00001a26    00000002     rtsv7M4_T_le_v4SPD16_eabi.lib : i_div0.obj (.text)
                  00001a28    00000110     driverlib.lib : sysctl.obj (.text:SysCtlClockGet)
                  00001b38    000000f4                   : sysctl.obj (.text:SysCtlClockSet)
                  00001c2c    0000009c     rtsv7M4_T_le_v4SPD16_eabi.lib : memcpy_t2.obj (.text)
                  00001cc8    00000070                                   : autoinit.obj (.text)
                  00001d38    00000068                                   : copy_decompress_lzss.obj (.text:decompress:lzss)
                  00001da0    00000064     driverlib.lib : hibernate.obj (.text:HibernateWakeSet)
                  00001e04    00000054     rtsv7M4_T_le_v4SPD16_eabi.lib : boot.obj (.text)
                  00001e58    00000054                                   : exit.obj (.text)
                  00001eac    0000004c     driverlib.lib : i2c.obj (.text:I2CMasterInitExpClk)
                  00001ef8    0000004c     rtsv7M4_T_le_v4SPD16_eabi.lib : cpy_tbl.obj (.text)
                  00001f44    00000048     driverlib.lib : gpio.obj (.text:GPIOPinConfigure)
                  00001f8c    00000046                   : uart.obj (.text:UARTConfigSetExpClk)
                  00001fd2    00000040     rtsv7M4_T_le_v4SPD16_eabi.lib : u_divt2.obj (.text)
                  00002012    00000002                                   : mpu_init.obj (.text)
                  00002014    00000038     driverlib.lib : sysctl.obj (.text:SysCtlPeripheralPresent)
                  0000204c    00000034                   : sysctl.obj (.text:SysCtlPeripheralEnable)
                  00002080    0000002c                   : hibernate.obj (.text:HibernateRTCSet)
                  000020ac    0000002a                   : gpio.obj (.text:GPIODirModeSet)
                  000020d6    00000002     rtsv7M4_T_le_v4SPD16_eabi.lib : startup.obj (.text)
                  000020d8    00000020     driverlib.lib : uart.obj (.text:UARTDisable)
                  000020f8    00000018                   : hibernate.obj (.text:HibernateGPIORetentionEnable)
                  00002110    00000018     rtsv7M4_T_le_v4SPD16_eabi.lib : args_main.obj (.text)
                  00002128    00000014     driverlib.lib : hibernate.obj (.text:HibernateEnableExpClk)
                  0000213c    00000014                   : hibernate.obj (.text:HibernateRTCEnable)
                  00002150    00000014                   : hibernate.obj (.text:HibernateRequest)
                  00002164    00000014                   : uart.obj (.text:UARTEnable)
                  00002178    00000014     rtsv7M4_T_le_v4SPD16_eabi.lib : _lock.obj (.text)
                  0000218c    00000014                                   : strlen.obj (.text)
                  000021a0    00000012     driverlib.lib : gpio.obj (.text:GPIOPinTypeI2C)
                  000021b2    00000012                   : gpio.obj (.text:GPIOPinTypeI2CSCL)
                  000021c4    00000012                   : gpio.obj (.text:GPIOPinTypeUART)
                  000021d6    00000002     --HOLE-- [fill = 0]
                  000021d8    00000010                   : hibernate.obj (.text:HibernateRTCMatchSet)
                  000021e8    00000010                   : hibernate.obj (.text:_HibernateWriteComplete)
                  000021f8    0000000e     rtsv7M4_T_le_v4SPD16_eabi.lib : copy_decompress_none.obj (.text:decompress:none)
                  00002206    0000000c     tm4c123gh6pm_startup_ccs.obj (.text)
                  00002212    0000000a     driverlib.lib : i2c.obj (.text:I2CMasterEnable)
                  0000221c    0000000a                   : uart.obj (.text:UARTCharGet)
                  00002226    0000000a                   : uart.obj (.text:UARTCharPut)
                  00002230    00000008                   : i2c.obj (.text:I2CMasterBusy)
                  00002238    00000008                   : i2c.obj (.text:I2CMasterSlaveAddrSet)
                  00002240    00000006                   : sysctl.obj (.text:SysCtlDelay)
                  00002246    00000006                   : uart.obj (.text:UARTClockSourceSet)
                  0000224c    00000004                   : i2c.obj (.text:I2CMasterControl)
                  00002250    00000004                   : i2c.obj (.text:I2CMasterDataGet)
                  00002254    00000004                   : i2c.obj (.text:I2CMasterDataPut)
                  00002258    00000004     rtsv7M4_T_le_v4SPD16_eabi.lib : pre_init.obj (.text)

.const     0    0000225c    0000018c     
                  0000225c    00000090     driverlib.lib : gpio.obj (.const:g_pui32GPIOBaseAddrs)
                  000022ec    0000006c                   : sysctl.obj (.const:g_pui32Xtals)
                  00002358    00000030     ustdlib.obj (.const:g_psDaysToMonth)
                  00002388    00000018     ustdlib.obj (.const:g_pfExponents)
                  000023a0    00000012     uartstdio.obj (.const:.string)
                  000023b2    00000002     --HOLE-- [fill = 0]
                  000023b4    00000012     ustdlib.obj (.const:.string)
                  000023c6    00000002     --HOLE-- [fill = 0]
                  000023c8    0000000c     uartstdio.obj (.const:g_ui32UARTBase)
                  000023d4    0000000c     uartstdio.obj (.const:g_ui32UARTPeriph)
                  000023e0    00000004     uartstdio.obj (.const)
                  000023e4    00000004     ustdlib.obj (.const)

.cinit     0    000023e8    00000024     
                  000023e8    00000013     (.cinit..data.load) [load image, compression = lzss]
                  000023fb    00000001     --HOLE-- [fill = 0]
                  000023fc    00000008     (__TI_handler_table)
                  00002404    00000008     (__TI_cinit_table)

.init_array 
*          0    00000000    00000000     UNINITIALIZED

.stack     0    20000000    00000200     UNINITIALIZED
                  20000000    00000200     --HOLE--

.data      0    20000200    00000024     UNINITIALIZED
                  20000200    0000000c     rtsv7M4_T_le_v4SPD16_eabi.lib : exit.obj (.data:$O1$$)
                  2000020c    00000008                                   : _lock.obj (.data:$O1$$)
                  20000214    00000005     uartstdio.obj (.data)
                  20000219    00000003     --HOLE--
                  2000021c    00000004     rtsv7M4_T_le_v4SPD16_eabi.lib : stkdepth_vars.obj (.data)
                  20000220    00000004     ustdlib.obj (.data)

MODULE SUMMARY

       Module                         code   ro data   rw data
       ------                         ----   -------   -------
    .\
       ustdlib.obj                    3204   94        4      
       cpe403_midterm_template.obj    1384   0         0      
       uartstdio.obj                  1180   46        5      
       tm4c123gh6pm_startup_ccs.obj   12     620       0      
    +--+------------------------------+------+---------+---------+
       Total:                         5780   760       9      
                                                              
    C:/ti/tivaware_c_series_2_1_4_178/driverlib/ccs/Debug/driverlib.lib
       sysctl.obj                     630    108       0      
       gpio.obj                       474    144       0      
       hibernate.obj                  260    0         0      
       uart.obj                       148    0         0      
       i2c.obj                        114    0         0      
    +--+------------------------------+------+---------+---------+
       Total:                         1626   252       0      
                                                              
    C:\ti\ccsv7\tools\compiler\ti-cgt-arm_16.9.8.LTS\lib\rtsv7M4_T_le_v4SPD16_eabi.lib
       memcpy_t2.obj                  156    0         0      
       autoinit.obj                   112    0         0      
       copy_decompress_lzss.obj       104    0         0      
       exit.obj                       84     0         12     
       boot.obj                       84     0         0      
       cpy_tbl.obj                    76     0         0      
       u_divt2.obj                    64     0         0      
       _lock.obj                      20     0         8      
       args_main.obj                  24     0         0      
       strlen.obj                     20     0         0      
       copy_decompress_none.obj       14     0         0      
       pre_init.obj                   4      0         0      
       stkdepth_vars.obj              0      0         4      
       i_div0.obj                     2      0         0      
       mpu_init.obj                   2      0         0      
       startup.obj                    2      0         0      
    +--+------------------------------+------+---------+---------+
       Total:                         768    0         24     
                                                              
       Stack:                         0      0         512    
       Linker Generated:              0      35        0      
    +--+------------------------------+------+---------+---------+
       Grand Total:                   8174   1047      545    


LINKER GENERATED COPY TABLES

__TI_cinit_table @ 00002404 records: 1, size/record: 8, table size: 8
	.data: load addr=000023e8, load size=00000013 bytes, run addr=20000200, run size=00000024 bytes, compression=lzss


LINKER GENERATED HANDLER TABLE

__TI_handler_table @ 000023fc records: 2, size/record: 4, table size: 8
	index: 0, handler: __TI_decompress_lzss
	index: 1, handler: __TI_decompress_none


GLOBAL SYMBOLS: SORTED ALPHABETICALLY BY Name 

address   name                           
-------   ----                           
00001e59  C$$EXIT                        
00000ef1  ConfigureUART                  
00000f2b  ConfigureUART0                 
000020ad  GPIODirModeSet                 
000018f5  GPIOPadConfigSet               
00001f45  GPIOPinConfigure               
000021a1  GPIOPinTypeI2C                 
000021b3  GPIOPinTypeI2CSCL              
000021c5  GPIOPinTypeUART                
00001181  GetLuminosity                  
00002129  HibernateEnableExpClk          
000020f9  HibernateGPIORetentionEnable   
0000213d  HibernateRTCEnable             
000021d9  HibernateRTCMatchSet           
00002081  HibernateRTCSet                
00002151  HibernateRequest               
00001da1  HibernateWakeSet               
00000f5b  I2C0_Init                      
000010ab  I2C0_Read                      
00000f9f  I2C0_Write                     
00002231  I2CMasterBusy                  
0000224d  I2CMasterControl               
00002251  I2CMasterDataGet               
00002255  I2CMasterDataPut               
00002213  I2CMasterEnable                
00001ead  I2CMasterInitExpClk            
00002239  I2CMasterSlaveAddrSet          
00002207  ResetISR                       
UNDEFED   SHT$$INIT_ARRAY$$Base          
UNDEFED   SHT$$INIT_ARRAY$$Limit         
00001a29  SysCtlClockGet                 
00001b39  SysCtlClockSet                 
00002241  SysCtlDelay                    
0000204d  SysCtlPeripheralEnable         
00002015  SysCtlPeripheralPresent        
00001121  TSL2591_init                   
0000221d  UARTCharGet                    
00002227  UARTCharPut                    
00002247  UARTClockSourceSet             
00001f8d  UARTConfigSetExpClk            
000020d9  UARTDisable                    
00002165  UARTEnable                     
00001459  UARTStdioConfig                
0000159f  UARTgetc                       
000014e5  UARTgets                       
000018bf  UARTprintf                     
000015c5  UARTvprintf                    
0000149f  UARTwrite                      
20000200  __STACK_END                    
00000200  __STACK_SIZE                   
20000200  __STACK_TOP                    
00002404  __TI_CINIT_Base                
0000240c  __TI_CINIT_Limit               
000023fc  __TI_Handler_Table_Base        
00002404  __TI_Handler_Table_Limit       
00001cc9  __TI_auto_init                 
20000200  __TI_cleanup_ptr               
00001d39  __TI_decompress_lzss           
000021f9  __TI_decompress_none           
20000204  __TI_dtors_ptr                 
20000208  __TI_enable_exit_profile_output
ffffffff  __TI_pprof_out_hndl            
ffffffff  __TI_prof_data_size            
ffffffff  __TI_prof_data_start           
00000000  __TI_static_base__             
00001a27  __aeabi_idiv0                  
00001c2d  __aeabi_memcpy                 
00001c2d  __aeabi_memcpy4                
00001c2d  __aeabi_memcpy8                
00001fd3  __aeabi_uidiv                  
00001fd3  __aeabi_uidivmod               
ffffffff  __binit__                      
ffffffff  __c_args__                     
00002013  __mpu_init                     
20000000  __stack                        
00002111  _args_main                     
00001e05  _c_int00                       
2000020c  _lock                          
00002187  _nop                           
0000217f  _register_lock                 
00002179  _register_unlock               
000020d7  _system_post_cinit             
00002259  _system_pre_init               
20000210  _unlock                        
00001e5d  abort                          
ffffffff  binit                          
00001ef9  copy_in                        
00001e65  exit                           
00000000  g_pfnVectors                   
00001289  main                           
2000021c  main_func_sp                   
00001c2d  memcpy                         
0000218d  strlen                         
00000751  ulocaltime                     
0000094f  umktime                        
00000ec9  urand                          
00000721  usnprintf                      
000006ef  usprintf                       
00000eb9  usrand                         
00000e31  ustrcasecmp                    
00000ea5  ustrcmp                        
00000d35  ustrlen                        
00000d8d  ustrncasecmp                   
00000e45  ustrncmp                       
0000026d  ustrncpy                       
00000d57  ustrstr                        
00000afd  ustrtof                        
000009c5  ustrtoul                       
000002c5  uvsnprintf                     


GLOBAL SYMBOLS: SORTED BY Symbol Address 

address   name                           
-------   ----                           
00000000  __TI_static_base__             
00000000  g_pfnVectors                   
00000200  __STACK_SIZE                   
0000026d  ustrncpy                       
000002c5  uvsnprintf                     
000006ef  usprintf                       
00000721  usnprintf                      
00000751  ulocaltime                     
0000094f  umktime                        
000009c5  ustrtoul                       
00000afd  ustrtof                        
00000d35  ustrlen                        
00000d57  ustrstr                        
00000d8d  ustrncasecmp                   
00000e31  ustrcasecmp                    
00000e45  ustrncmp                       
00000ea5  ustrcmp                        
00000eb9  usrand                         
00000ec9  urand                          
00000ef1  ConfigureUART                  
00000f2b  ConfigureUART0                 
00000f5b  I2C0_Init                      
00000f9f  I2C0_Write                     
000010ab  I2C0_Read                      
00001121  TSL2591_init                   
00001181  GetLuminosity                  
00001289  main                           
00001459  UARTStdioConfig                
0000149f  UARTwrite                      
000014e5  UARTgets                       
0000159f  UARTgetc                       
000015c5  UARTvprintf                    
000018bf  UARTprintf                     
000018f5  GPIOPadConfigSet               
00001a27  __aeabi_idiv0                  
00001a29  SysCtlClockGet                 
00001b39  SysCtlClockSet                 
00001c2d  __aeabi_memcpy                 
00001c2d  __aeabi_memcpy4                
00001c2d  __aeabi_memcpy8                
00001c2d  memcpy                         
00001cc9  __TI_auto_init                 
00001d39  __TI_decompress_lzss           
00001da1  HibernateWakeSet               
00001e05  _c_int00                       
00001e59  C$$EXIT                        
00001e5d  abort                          
00001e65  exit                           
00001ead  I2CMasterInitExpClk            
00001ef9  copy_in                        
00001f45  GPIOPinConfigure               
00001f8d  UARTConfigSetExpClk            
00001fd3  __aeabi_uidiv                  
00001fd3  __aeabi_uidivmod               
00002013  __mpu_init                     
00002015  SysCtlPeripheralPresent        
0000204d  SysCtlPeripheralEnable         
00002081  HibernateRTCSet                
000020ad  GPIODirModeSet                 
000020d7  _system_post_cinit             
000020d9  UARTDisable                    
000020f9  HibernateGPIORetentionEnable   
00002111  _args_main                     
00002129  HibernateEnableExpClk          
0000213d  HibernateRTCEnable             
00002151  HibernateRequest               
00002165  UARTEnable                     
00002179  _register_unlock               
0000217f  _register_lock                 
00002187  _nop                           
0000218d  strlen                         
000021a1  GPIOPinTypeI2C                 
000021b3  GPIOPinTypeI2CSCL              
000021c5  GPIOPinTypeUART                
000021d9  HibernateRTCMatchSet           
000021f9  __TI_decompress_none           
00002207  ResetISR                       
00002213  I2CMasterEnable                
0000221d  UARTCharGet                    
00002227  UARTCharPut                    
00002231  I2CMasterBusy                  
00002239  I2CMasterSlaveAddrSet          
00002241  SysCtlDelay                    
00002247  UARTClockSourceSet             
0000224d  I2CMasterControl               
00002251  I2CMasterDataGet               
00002255  I2CMasterDataPut               
00002259  _system_pre_init               
000023fc  __TI_Handler_Table_Base        
00002404  __TI_CINIT_Base                
00002404  __TI_Handler_Table_Limit       
0000240c  __TI_CINIT_Limit               
20000000  __stack                        
20000200  __STACK_END                    
20000200  __STACK_TOP                    
20000200  __TI_cleanup_ptr               
20000204  __TI_dtors_ptr                 
20000208  __TI_enable_exit_profile_output
2000020c  _lock                          
20000210  _unlock                        
2000021c  main_func_sp                   
ffffffff  __TI_pprof_out_hndl            
ffffffff  __TI_prof_data_size            
ffffffff  __TI_prof_data_start           
ffffffff  __binit__                      
ffffffff  __c_args__                     
ffffffff  binit                          
UNDEFED   SHT$$INIT_ARRAY$$Base          
UNDEFED   SHT$$INIT_ARRAY$$Limit         

[109 symbols]
