******************************************************************************
                  TI ARM Linker PC v16.9.6                     
******************************************************************************
>> Linked Tue Oct 09 23:40:06 2018

OUTPUT FILE NAME:   <lab7.out>
ENTRY POINT SYMBOL: "_c_int00"  address: 00000dfd


MEMORY CONFIGURATION

         name            origin    length      used     unused   attr    fill
----------------------  --------  ---------  --------  --------  ----  --------
  FLASH                 00000000   00040000  00001346  0003ecba  R  X
  SRAM                  20000000   00008000  00000098  00007f68  RW X


SEGMENT ALLOCATION MAP

run origin  load origin   length   init length attrs members
----------  ----------- ---------- ----------- ----- -------
00000000    00000000    00001348   00001348    r-x
  00000000    00000000    0000026c   0000026c    r-- .intvecs
  0000026c    0000026c    00000f36   00000f36    r-x .text
  000011a4    000011a4    0000016c   0000016c    r-- .const
  00001310    00001310    00000038   00000038    r-- .cinit
20000000    20000000    00000098   00000000    rw-
  20000000    20000000    00000064   00000000    rw- .stack
  20000064    20000064    0000001c   00000000    rw- .bss
  20000080    20000080    00000018   00000000    rw- .data


SECTION ALLOCATION MAP

 output                                  attributes/
section   page    origin      length       input sections
--------  ----  ----------  ----------   ----------------
.intvecs   0    00000000    0000026c     
                  00000000    0000026c     tm4c123gh6pm_startup_ccs.obj (.intvecs)

.text      0    0000026c    00000f36     
                  0000026c    00000588     Lab7-2.obj (.text)
                  000007f4    00000132     driverlib.lib : gpio.obj (.text:GPIOPadConfigSet)
                  00000926    00000002     rtsv7M4_T_le_v4SPD16_eabi.lib : mpu_init.obj (.text)
                  00000928    00000110     driverlib.lib : sysctl.obj (.text:SysCtlClockGet)
                  00000a38    000000f4                   : sysctl.obj (.text:SysCtlClockSet)
                  00000b2c    0000009c     rtsv7M4_T_le_v4SPD16_eabi.lib : memcpy_t2.obj (.text)
                  00000bc8    0000007a     driverlib.lib : adc.obj (.text:ADCSequenceStepConfigure)
                  00000c42    0000007a     rtsv7M4_T_le_v4SPD16_eabi.lib : memset_t2.obj (.text)
                  00000cbc    00000070                                   : autoinit.obj (.text)
                  00000d2c    00000068     driverlib.lib : interrupt.obj (.text:IntEnable)
                  00000d94    00000068     rtsv7M4_T_le_v4SPD16_eabi.lib : copy_decompress_lzss.obj (.text:decompress:lzss)
                  00000dfc    00000054                                   : boot.obj (.text)
                  00000e50    00000054                                   : exit.obj (.text)
                  00000ea4    00000050     driverlib.lib : adc.obj (.text:ADCSequenceConfigure)
                  00000ef4    0000004c     rtsv7M4_T_le_v4SPD16_eabi.lib : cpy_tbl.obj (.text)
                  00000f40    00000048     driverlib.lib : gpio.obj (.text:GPIOPinConfigure)
                  00000f88    00000046                   : uart.obj (.text:UARTConfigSetExpClk)
                  00000fce    00000002     rtsv7M4_T_le_v4SPD16_eabi.lib : startup.obj (.text)
                  00000fd0    00000034     driverlib.lib : sysctl.obj (.text:SysCtlPeripheralEnable)
                  00001004    0000002a                   : gpio.obj (.text:GPIODirModeSet)
                  0000102e    00000002     --HOLE-- [fill = 0]
                  00001030    00000020                   : uart.obj (.text:UARTDisable)
                  00001050    0000001e                   : adc.obj (.text:ADCSequenceDataGet)
                  0000106e    00000018                   : adc.obj (.text:ADCProcessorTrigger)
                  00001086    00000018                   : gpio.obj (.text:GPIOPinTypeGPIOOutput)
                  0000109e    00000002     --HOLE-- [fill = 0]
                  000010a0    00000018     rtsv7M4_T_le_v4SPD16_eabi.lib : args_main.obj (.text)
                  000010b8    00000014     driverlib.lib : uart.obj (.text:UARTEnable)
                  000010cc    00000014     rtsv7M4_T_le_v4SPD16_eabi.lib : _lock.obj (.text)
                  000010e0    00000012     driverlib.lib : gpio.obj (.text:GPIOPinTypeUART)
                  000010f2    00000010                   : interrupt.obj (.text:IntMasterEnable)
                  00001102    0000000e                   : adc.obj (.text:ADCHardwareOversampleConfigure)
                  00001110    0000000e                   : adc.obj (.text:ADCSequenceEnable)
                  0000111e    0000000e                   : uart.obj (.text:UARTCharsAvail)
                  0000112c    0000000e     rtsv7M4_T_le_v4SPD16_eabi.lib : copy_decompress_none.obj (.text:decompress:none)
                  0000113a    0000000c     driverlib.lib : cpu.obj (.text:CPUcpsie)
                  00001146    0000000c     rtsv7M4_T_le_v4SPD16_eabi.lib : copy_zero_init.obj (.text:decompress:ZI)
                  00001152    0000000c     tm4c123gh6pm_startup_ccs.obj (.text)
                  0000115e    0000000a     driverlib.lib : adc.obj (.text:ADCIntClear)
                  00001168    0000000a                   : uart.obj (.text:UARTCharGet)
                  00001172    0000000a                   : uart.obj (.text:UARTCharPut)
                  0000117c    0000000a                   : uart.obj (.text:UARTIntStatus)
                  00001186    00000008                   : uart.obj (.text:UARTIntEnable)
                  0000118e    00000006                   : gpio.obj (.text:GPIOPinWrite)
                  00001194    00000006                   : sysctl.obj (.text:SysCtlDelay)
                  0000119a    00000004                   : uart.obj (.text:UARTIntClear)
                  0000119e    00000004     rtsv7M4_T_le_v4SPD16_eabi.lib : pre_init.obj (.text)

.const     0    000011a4    0000016c     
                  000011a4    00000090     driverlib.lib : gpio.obj (.const:g_pui32GPIOBaseAddrs)
                  00001234    00000070                   : interrupt.obj (.const)
                  000012a4    0000006c                   : sysctl.obj (.const:g_pui32Xtals)

.cinit     0    00001310    00000038     
                  00001310    00000011     (.cinit..data.load) [load image, compression = lzss]
                  00001321    00000003     --HOLE-- [fill = 0]
                  00001324    0000000c     (__TI_handler_table)
                  00001330    00000008     (.cinit..bss.load) [load image, compression = zero_init]
                  00001338    00000010     (__TI_cinit_table)

.init_array 
*          0    00000000    00000000     UNINITIALIZED

.stack     0    20000000    00000064     UNINITIALIZED
                  20000000    00000064     --HOLE--

.bss       0    20000064    0000001c     UNINITIALIZED
                  20000064    00000010     (.common:ui32ADC0Value)
                  20000074    00000004     (.common:ui32TempAvg)
                  20000078    00000004     (.common:ui32TempValueC)
                  2000007c    00000004     (.common:ui32TempValueF)

.data      0    20000080    00000018     UNINITIALIZED
                  20000080    0000000c     rtsv7M4_T_le_v4SPD16_eabi.lib : exit.obj (.data:$O1$$)
                  2000008c    00000008                                   : _lock.obj (.data:$O1$$)
                  20000094    00000004                                   : stkdepth_vars.obj (.data)

MODULE SUMMARY

       Module                         code   ro data   rw data
       ------                         ----   -------   -------
    .\
       Lab7-2.obj                     1416   0         28     
       tm4c123gh6pm_startup_ccs.obj   12     620       0      
    +--+------------------------------+------+---------+---------+
       Total:                         1428   620       28     
                                                              
    C:/ti/tivaware_c_series_2_1_4_178/driverlib/ccs/Debug/driverlib.lib
       sysctl.obj                     574    108       0      
       gpio.obj                       468    144       0      
       adc.obj                        294    0         0      
       interrupt.obj                  120    112       0      
       uart.obj                       178    0         0      
       cpu.obj                        12     0         0      
    +--+------------------------------+------+---------+---------+
       Total:                         1646   364       0      
                                                              
    C:\ti\ccsv7\tools\compiler\ti-cgt-arm_16.9.6.LTS\lib\rtsv7M4_T_le_v4SPD16_eabi.lib
       memcpy_t2.obj                  156    0         0      
       memset_t2.obj                  122    0         0      
       autoinit.obj                   112    0         0      
       copy_decompress_lzss.obj       104    0         0      
       exit.obj                       84     0         12     
       boot.obj                       84     0         0      
       cpy_tbl.obj                    76     0         0      
       _lock.obj                      20     0         8      
       args_main.obj                  24     0         0      
       copy_decompress_none.obj       14     0         0      
       copy_zero_init.obj             12     0         0      
       pre_init.obj                   4      0         0      
       stkdepth_vars.obj              0      0         4      
       mpu_init.obj                   2      0         0      
       startup.obj                    2      0         0      
    +--+------------------------------+------+---------+---------+
       Total:                         816    0         24     
                                                              
       Stack:                         0      0         100    
       Linker Generated:              0      53        0      
    +--+------------------------------+------+---------+---------+
       Grand Total:                   3890   1037      152    


LINKER GENERATED COPY TABLES

__TI_cinit_table @ 00001338 records: 2, size/record: 8, table size: 16
	.data: load addr=00001310, load size=00000011 bytes, run addr=20000080, run size=00000018 bytes, compression=lzss
	.bss: load addr=00001330, load size=00000008 bytes, run addr=20000064, run size=0000001c bytes, compression=zero_init


LINKER GENERATED HANDLER TABLE

__TI_handler_table @ 00001324 records: 3, size/record: 4, table size: 12
	index: 0, handler: __TI_decompress_lzss
	index: 1, handler: __TI_decompress_none
	index: 2, handler: __TI_zero_init


GLOBAL SYMBOLS: SORTED ALPHABETICALLY BY Name 

address   name                           
-------   ----                           
00001103  ADCHardwareOversampleConfigure 
0000115f  ADCIntClear                    
0000106f  ADCProcessorTrigger            
00000ea5  ADCSequenceConfigure           
00001051  ADCSequenceDataGet             
00001111  ADCSequenceEnable              
00000bc9  ADCSequenceStepConfigure       
00000e51  C$$EXIT                        
0000113b  CPUcpsie                       
00001005  GPIODirModeSet                 
000007f5  GPIOPadConfigSet               
00000f41  GPIOPinConfigure               
00001087  GPIOPinTypeGPIOOutput          
000010e1  GPIOPinTypeUART                
0000118f  GPIOPinWrite                   
00000d2d  IntEnable                      
000010f3  IntMasterEnable                
00001153  ResetISR                       
UNDEFED   SHT$$INIT_ARRAY$$Base          
UNDEFED   SHT$$INIT_ARRAY$$Limit         
00000929  SysCtlClockGet                 
00000a39  SysCtlClockSet                 
00001195  SysCtlDelay                    
00000fd1  SysCtlPeripheralEnable         
00001169  UARTCharGet                    
00001173  UARTCharPut                    
0000111f  UARTCharsAvail                 
00000f89  UARTConfigSetExpClk            
00001031  UARTDisable                    
000010b9  UARTEnable                     
0000119b  UARTIntClear                   
00001187  UARTIntEnable                  
0000026d  UARTIntHandler                 
0000117d  UARTIntStatus                  
20000064  __STACK_END                    
00000064  __STACK_SIZE                   
20000200  __STACK_TOP                    
00001338  __TI_CINIT_Base                
00001348  __TI_CINIT_Limit               
00001324  __TI_Handler_Table_Base        
00001330  __TI_Handler_Table_Limit       
00000cbd  __TI_auto_init                 
20000080  __TI_cleanup_ptr               
00000d95  __TI_decompress_lzss           
0000112d  __TI_decompress_none           
20000084  __TI_dtors_ptr                 
20000088  __TI_enable_exit_profile_output
ffffffff  __TI_pprof_out_hndl            
ffffffff  __TI_prof_data_size            
ffffffff  __TI_prof_data_start           
00000000  __TI_static_base__             
00001147  __TI_zero_init                 
00000c43  __aeabi_memclr                 
00000c43  __aeabi_memclr4                
00000c43  __aeabi_memclr8                
00000b2d  __aeabi_memcpy                 
00000b2d  __aeabi_memcpy4                
00000b2d  __aeabi_memcpy8                
00000c45  __aeabi_memset                 
00000c45  __aeabi_memset4                
00000c45  __aeabi_memset8                
ffffffff  __binit__                      
ffffffff  __c_args__                     
00000927  __mpu_init                     
20000000  __stack                        
000010a1  _args_main                     
00000dfd  _c_int00                       
2000008c  _lock                          
000010db  _nop                           
000010d3  _register_lock                 
000010cd  _register_unlock               
00000fcf  _system_post_cinit             
0000119f  _system_pre_init               
20000090  _unlock                        
00000e55  abort                          
ffffffff  binit                          
00000ef5  copy_in                        
00000e5d  exit                           
00000000  g_pfnVectors                   
000006f7  itoa                           
00000461  main                           
20000094  main_func_sp                   
00000b2d  memcpy                         
00000c4b  memset                         
20000064  ui32ADC0Value                  
20000074  ui32TempAvg                    
20000078  ui32TempValueC                 
2000007c  ui32TempValueF                 


GLOBAL SYMBOLS: SORTED BY Symbol Address 

address   name                           
-------   ----                           
00000000  __TI_static_base__             
00000000  g_pfnVectors                   
00000064  __STACK_SIZE                   
0000026d  UARTIntHandler                 
00000461  main                           
000006f7  itoa                           
000007f5  GPIOPadConfigSet               
00000927  __mpu_init                     
00000929  SysCtlClockGet                 
00000a39  SysCtlClockSet                 
00000b2d  __aeabi_memcpy                 
00000b2d  __aeabi_memcpy4                
00000b2d  __aeabi_memcpy8                
00000b2d  memcpy                         
00000bc9  ADCSequenceStepConfigure       
00000c43  __aeabi_memclr                 
00000c43  __aeabi_memclr4                
00000c43  __aeabi_memclr8                
00000c45  __aeabi_memset                 
00000c45  __aeabi_memset4                
00000c45  __aeabi_memset8                
00000c4b  memset                         
00000cbd  __TI_auto_init                 
00000d2d  IntEnable                      
00000d95  __TI_decompress_lzss           
00000dfd  _c_int00                       
00000e51  C$$EXIT                        
00000e55  abort                          
00000e5d  exit                           
00000ea5  ADCSequenceConfigure           
00000ef5  copy_in                        
00000f41  GPIOPinConfigure               
00000f89  UARTConfigSetExpClk            
00000fcf  _system_post_cinit             
00000fd1  SysCtlPeripheralEnable         
00001005  GPIODirModeSet                 
00001031  UARTDisable                    
00001051  ADCSequenceDataGet             
0000106f  ADCProcessorTrigger            
00001087  GPIOPinTypeGPIOOutput          
000010a1  _args_main                     
000010b9  UARTEnable                     
000010cd  _register_unlock               
000010d3  _register_lock                 
000010db  _nop                           
000010e1  GPIOPinTypeUART                
000010f3  IntMasterEnable                
00001103  ADCHardwareOversampleConfigure 
00001111  ADCSequenceEnable              
0000111f  UARTCharsAvail                 
0000112d  __TI_decompress_none           
0000113b  CPUcpsie                       
00001147  __TI_zero_init                 
00001153  ResetISR                       
0000115f  ADCIntClear                    
00001169  UARTCharGet                    
00001173  UARTCharPut                    
0000117d  UARTIntStatus                  
00001187  UARTIntEnable                  
0000118f  GPIOPinWrite                   
00001195  SysCtlDelay                    
0000119b  UARTIntClear                   
0000119f  _system_pre_init               
00001324  __TI_Handler_Table_Base        
00001330  __TI_Handler_Table_Limit       
00001338  __TI_CINIT_Base                
00001348  __TI_CINIT_Limit               
20000000  __stack                        
20000064  __STACK_END                    
20000064  ui32ADC0Value                  
20000074  ui32TempAvg                    
20000078  ui32TempValueC                 
2000007c  ui32TempValueF                 
20000080  __TI_cleanup_ptr               
20000084  __TI_dtors_ptr                 
20000088  __TI_enable_exit_profile_output
2000008c  _lock                          
20000090  _unlock                        
20000094  main_func_sp                   
20000200  __STACK_TOP                    
ffffffff  __TI_pprof_out_hndl            
ffffffff  __TI_prof_data_size            
ffffffff  __TI_prof_data_start           
ffffffff  __binit__                      
ffffffff  __c_args__                     
ffffffff  binit                          
UNDEFED   SHT$$INIT_ARRAY$$Base          
UNDEFED   SHT$$INIT_ARRAY$$Limit         

[88 symbols]
