******************************************************************************
                  TI ARM Linker PC v16.9.6                     
******************************************************************************
>> Linked Thu Oct 04 21:58:51 2018

OUTPUT FILE NAME:   <lab4.out>
ENTRY POINT SYMBOL: "_c_int00"  address: 000007e1


MEMORY CONFIGURATION

         name            origin    length      used     unused   attr    fill
----------------------  --------  ---------  --------  --------  ----  --------
  FLASH                 00000000   00040000  00000a5a  0003f5a6  R  X
  SRAM                  20000000   00008000  0000007c  00007f84  RW X


SEGMENT ALLOCATION MAP

run origin  load origin   length   init length attrs members
----------  ----------- ---------- ----------- ----- -------
00000000    00000000    00000a5c   00000a5c    r-x
  00000000    00000000    0000026c   0000026c    r-- .intvecs
  0000026c    0000026c    0000075a   0000075a    r-x .text
  000009c8    000009c8    00000070   00000070    r-- .const
  00000a38    00000a38    00000024   00000024    r-- .cinit
20000000    20000000    0000007c   00000000    rw-
  20000000    20000000    00000064   00000000    rw- .stack
  20000064    20000064    00000018   00000000    rw- .data


SECTION ALLOCATION MAP

 output                                  attributes/
section   page    origin      length       input sections
--------  ----  ----------  ----------   ----------------
.intvecs   0    00000000    0000026c     
                  00000000    0000026c     tm4c123gh6pm_startup_ccs.obj (.intvecs)

.text      0    0000026c    0000075a     
                  0000026c    00000132     driverlib.lib : gpio.obj (.text:GPIOPadConfigSet)
                  0000039e    00000002     rtsv7M4_T_le_v4SPD16_eabi.lib : mpu_init.obj (.text)
                  000003a0    00000118     Task4-2.obj (.text)
                  000004b8    000000f4     driverlib.lib : sysctl.obj (.text:SysCtlClockSet)
                  000005ac    0000009c     rtsv7M4_T_le_v4SPD16_eabi.lib : memcpy_t2.obj (.text)
                  00000648    00000070                                   : autoinit.obj (.text)
                  000006b8    00000068     driverlib.lib : interrupt.obj (.text:IntEnable)
                  00000720    00000068     rtsv7M4_T_le_v4SPD16_eabi.lib : copy_decompress_lzss.obj (.text:decompress:lzss)
                  00000788    00000056     driverlib.lib : gpio.obj (.text:GPIOIntTypeSet)
                  000007de    00000002     rtsv7M4_T_le_v4SPD16_eabi.lib : startup.obj (.text)
                  000007e0    00000054                                   : boot.obj (.text)
                  00000834    00000054                                   : exit.obj (.text)
                  00000888    0000004c                                   : cpy_tbl.obj (.text)
                  000008d4    00000034     driverlib.lib : sysctl.obj (.text:SysCtlPeripheralEnable)
                  00000908    0000002a                   : gpio.obj (.text:GPIODirModeSet)
                  00000932    00000018                   : gpio.obj (.text:GPIOPinTypeGPIOOutput)
                  0000094a    00000002     --HOLE-- [fill = 0]
                  0000094c    00000018     rtsv7M4_T_le_v4SPD16_eabi.lib : args_main.obj (.text)
                  00000964    00000014                                   : _lock.obj (.text)
                  00000978    00000012     driverlib.lib : gpio.obj (.text:GPIOPinTypeGPIOInput)
                  0000098a    0000000e     rtsv7M4_T_le_v4SPD16_eabi.lib : copy_decompress_none.obj (.text:decompress:none)
                  00000998    0000000c     driverlib.lib : gpio.obj (.text:GPIOIntEnable)
                  000009a4    0000000c     tm4c123gh6pm_startup_ccs.obj (.text)
                  000009b0    00000006     driverlib.lib : gpio.obj (.text:GPIOIntClear)
                  000009b6    00000006                   : gpio.obj (.text:GPIOPinWrite)
                  000009bc    00000006                   : sysctl.obj (.text:SysCtlDelay)
                  000009c2    00000004     rtsv7M4_T_le_v4SPD16_eabi.lib : pre_init.obj (.text)

.const     0    000009c8    00000070     
                  000009c8    00000070     driverlib.lib : interrupt.obj (.const)

.cinit     0    00000a38    00000024     
                  00000a38    00000011     (.cinit..data.load) [load image, compression = lzss]
                  00000a49    00000003     --HOLE-- [fill = 0]
                  00000a4c    00000008     (__TI_handler_table)
                  00000a54    00000008     (__TI_cinit_table)

.init_array 
*          0    00000000    00000000     UNINITIALIZED

.stack     0    20000000    00000064     UNINITIALIZED
                  20000000    00000064     --HOLE--

.data      0    20000064    00000018     UNINITIALIZED
                  20000064    0000000c     rtsv7M4_T_le_v4SPD16_eabi.lib : exit.obj (.data:$O1$$)
                  20000070    00000008                                   : _lock.obj (.data:$O1$$)
                  20000078    00000004                                   : stkdepth_vars.obj (.data)

MODULE SUMMARY

       Module                         code   ro data   rw data
       ------                         ----   -------   -------
    .\
       tm4c123gh6pm_startup_ccs.obj   12     620       0      
       Task4-2.obj                    280    0         0      
    +--+------------------------------+------+---------+---------+
       Total:                         292    620       0      
                                                              
    C:/ti/tivaware_c_series_2_1_4_178/driverlib/ccs/Debug/driverlib.lib
       gpio.obj                       500    0         0      
       sysctl.obj                     302    0         0      
       interrupt.obj                  104    112       0      
    +--+------------------------------+------+---------+---------+
       Total:                         906    112       0      
                                                              
    C:\ti\ccsv7\tools\compiler\ti-cgt-arm_16.9.6.LTS\lib\rtsv7M4_T_le_v4SPD16_eabi.lib
       memcpy_t2.obj                  156    0         0      
       autoinit.obj                   112    0         0      
       copy_decompress_lzss.obj       104    0         0      
       exit.obj                       84     0         12     
       boot.obj                       84     0         0      
       cpy_tbl.obj                    76     0         0      
       _lock.obj                      20     0         8      
       args_main.obj                  24     0         0      
       copy_decompress_none.obj       14     0         0      
       pre_init.obj                   4      0         0      
       stkdepth_vars.obj              0      0         4      
       mpu_init.obj                   2      0         0      
       startup.obj                    2      0         0      
    +--+------------------------------+------+---------+---------+
       Total:                         682    0         24     
                                                              
       Stack:                         0      0         100    
       Linker Generated:              0      33        0      
    +--+------------------------------+------+---------+---------+
       Grand Total:                   1880   765       124    


LINKER GENERATED COPY TABLES

__TI_cinit_table @ 00000a54 records: 1, size/record: 8, table size: 8
	.data: load addr=00000a38, load size=00000011 bytes, run addr=20000064, run size=00000018 bytes, compression=lzss


LINKER GENERATED HANDLER TABLE

__TI_handler_table @ 00000a4c records: 2, size/record: 4, table size: 8
	index: 0, handler: __TI_decompress_lzss
	index: 1, handler: __TI_decompress_none


GLOBAL SYMBOLS: SORTED ALPHABETICALLY BY Name 

address   name                           
-------   ----                           
00000835  C$$EXIT                        
00000909  GPIODirModeSet                 
000009b1  GPIOIntClear                   
00000999  GPIOIntEnable                  
00000789  GPIOIntTypeSet                 
0000026d  GPIOPadConfigSet               
00000979  GPIOPinTypeGPIOInput           
00000933  GPIOPinTypeGPIOOutput          
000009b7  GPIOPinWrite                   
000006b9  IntEnable                      
000003f1  PortFPin4IntHandler            
000009a5  ResetISR                       
UNDEFED   SHT$$INIT_ARRAY$$Base          
UNDEFED   SHT$$INIT_ARRAY$$Limit         
000004b9  SysCtlClockSet                 
000009bd  SysCtlDelay                    
000008d5  SysCtlPeripheralEnable         
20000064  __STACK_END                    
00000064  __STACK_SIZE                   
20000200  __STACK_TOP                    
00000a54  __TI_CINIT_Base                
00000a5c  __TI_CINIT_Limit               
00000a4c  __TI_Handler_Table_Base        
00000a54  __TI_Handler_Table_Limit       
00000649  __TI_auto_init                 
20000064  __TI_cleanup_ptr               
00000721  __TI_decompress_lzss           
0000098b  __TI_decompress_none           
20000068  __TI_dtors_ptr                 
2000006c  __TI_enable_exit_profile_output
ffffffff  __TI_pprof_out_hndl            
ffffffff  __TI_prof_data_size            
ffffffff  __TI_prof_data_start           
00000000  __TI_static_base__             
000005ad  __aeabi_memcpy                 
000005ad  __aeabi_memcpy4                
000005ad  __aeabi_memcpy8                
ffffffff  __binit__                      
ffffffff  __c_args__                     
0000039f  __mpu_init                     
20000000  __stack                        
0000094d  _args_main                     
000007e1  _c_int00                       
20000070  _lock                          
00000973  _nop                           
0000096b  _register_lock                 
00000965  _register_unlock               
000007df  _system_post_cinit             
000009c3  _system_pre_init               
20000074  _unlock                        
00000839  abort                          
ffffffff  binit                          
00000889  copy_in                        
00000841  exit                           
00000000  g_pfnVectors                   
000003a1  main                           
20000078  main_func_sp                   
000005ad  memcpy                         
00000419  timer1A_delaymSec              


GLOBAL SYMBOLS: SORTED BY Symbol Address 

address   name                           
-------   ----                           
00000000  __TI_static_base__             
00000000  g_pfnVectors                   
00000064  __STACK_SIZE                   
0000026d  GPIOPadConfigSet               
0000039f  __mpu_init                     
000003a1  main                           
000003f1  PortFPin4IntHandler            
00000419  timer1A_delaymSec              
000004b9  SysCtlClockSet                 
000005ad  __aeabi_memcpy                 
000005ad  __aeabi_memcpy4                
000005ad  __aeabi_memcpy8                
000005ad  memcpy                         
00000649  __TI_auto_init                 
000006b9  IntEnable                      
00000721  __TI_decompress_lzss           
00000789  GPIOIntTypeSet                 
000007df  _system_post_cinit             
000007e1  _c_int00                       
00000835  C$$EXIT                        
00000839  abort                          
00000841  exit                           
00000889  copy_in                        
000008d5  SysCtlPeripheralEnable         
00000909  GPIODirModeSet                 
00000933  GPIOPinTypeGPIOOutput          
0000094d  _args_main                     
00000965  _register_unlock               
0000096b  _register_lock                 
00000973  _nop                           
00000979  GPIOPinTypeGPIOInput           
0000098b  __TI_decompress_none           
00000999  GPIOIntEnable                  
000009a5  ResetISR                       
000009b1  GPIOIntClear                   
000009b7  GPIOPinWrite                   
000009bd  SysCtlDelay                    
000009c3  _system_pre_init               
00000a4c  __TI_Handler_Table_Base        
00000a54  __TI_CINIT_Base                
00000a54  __TI_Handler_Table_Limit       
00000a5c  __TI_CINIT_Limit               
20000000  __stack                        
20000064  __STACK_END                    
20000064  __TI_cleanup_ptr               
20000068  __TI_dtors_ptr                 
2000006c  __TI_enable_exit_profile_output
20000070  _lock                          
20000074  _unlock                        
20000078  main_func_sp                   
20000200  __STACK_TOP                    
ffffffff  __TI_pprof_out_hndl            
ffffffff  __TI_prof_data_size            
ffffffff  __TI_prof_data_start           
ffffffff  __binit__                      
ffffffff  __c_args__                     
ffffffff  binit                          
UNDEFED   SHT$$INIT_ARRAY$$Base          
UNDEFED   SHT$$INIT_ARRAY$$Limit         

[59 symbols]
