******************************************************************************
                  TI ARM Linker PC v16.9.6                     
******************************************************************************
>> Linked Mon Oct 08 23:44:36 2018

OUTPUT FILE NAME:   <lab6.out>
ENTRY POINT SYMBOL: "_c_int00"  address: 0000085d


MEMORY CONFIGURATION

         name            origin    length      used     unused   attr    fill
----------------------  --------  ---------  --------  --------  ----  --------
  FLASH                 00000000   00040000  00000a60  0003f5a0  R  X
  SRAM                  20000000   00008000  0000007c  00007f84  RW X


SEGMENT ALLOCATION MAP

run origin  load origin   length   init length attrs members
----------  ----------- ---------- ----------- ----- -------
00000000    00000000    00000a64   00000a64    r-x
  00000000    00000000    0000026c   0000026c    r-- .intvecs
  0000026c    0000026c    00000764   00000764    r-x .text
  000009d0    000009d0    0000006c   0000006c    r-- .const
  00000a40    00000a40    00000024   00000024    r-- .cinit
20000000    20000000    0000007c   00000000    rw-
  20000000    20000000    00000064   00000000    rw- .stack
  20000064    20000064    00000018   00000000    rw- .data


SECTION ALLOCATION MAP

 output                                  attributes/
section   page    origin      length       input sections
--------  ----  ----------  ----------   ----------------
.intvecs   0    00000000    0000026c     
                  00000000    0000026c     tm4c123gh6pm_startup_ccs.obj (.intvecs)

.text      0    0000026c    00000764     
                  0000026c    0000036c     Task6-3.obj (.text)
                  000005d8    00000110     driverlib.lib : sysctl.obj (.text:SysCtlClockGet)
                  000006e8    0000009c     rtsv7M4_T_le_v4SPD16_eabi.lib : memcpy_t2.obj (.text)
                  00000784    00000070                                   : autoinit.obj (.text)
                  000007f4    00000068                                   : copy_decompress_lzss.obj (.text:decompress:lzss)
                  0000085c    00000054                                   : boot.obj (.text)
                  000008b0    00000054                                   : exit.obj (.text)
                  00000904    0000004c                                   : cpy_tbl.obj (.text)
                  00000950    00000022     driverlib.lib : pwm.obj (.text:PWMGenConfigure)
                  00000972    00000002     rtsv7M4_T_le_v4SPD16_eabi.lib : mpu_init.obj (.text)
                  00000974    00000018                                   : args_main.obj (.text)
                  0000098c    00000014                                   : _lock.obj (.text)
                  000009a0    00000010     driverlib.lib : pwm.obj (.text:PWMGenPeriodSet)
                  000009b0    0000000e     rtsv7M4_T_le_v4SPD16_eabi.lib : copy_decompress_none.obj (.text:decompress:none)
                  000009be    0000000c     tm4c123gh6pm_startup_ccs.obj (.text)
                  000009ca    00000004     rtsv7M4_T_le_v4SPD16_eabi.lib : pre_init.obj (.text)
                  000009ce    00000002                                   : startup.obj (.text)

.const     0    000009d0    0000006c     
                  000009d0    0000006c     driverlib.lib : sysctl.obj (.const:g_pui32Xtals)

.cinit     0    00000a40    00000024     
                  00000a40    00000011     (.cinit..data.load) [load image, compression = lzss]
                  00000a51    00000003     --HOLE-- [fill = 0]
                  00000a54    00000008     (__TI_handler_table)
                  00000a5c    00000008     (__TI_cinit_table)

.init_array 
*          0    00000000    00000000     UNINITIALIZED

.stack     0    20000000    00000064     UNINITIALIZED
                  20000000    00000064     --HOLE--

.data      0    20000064    00000018     UNINITIALIZED
                  20000064    0000000c     rtsv7M4_T_le_v4SPD16_eabi.lib : exit.obj (.data:$O1$$)
                  20000070    00000008                                   : _lock.obj (.data:$O1$$)
                  20000078    00000004                                   : stkdepth_vars.obj (.data)

MODULE SUMMARY

       Module                         code   ro data   rw data
       ------                         ----   -------   -------
    .\
       Task6-3.obj                    876    0         0      
       tm4c123gh6pm_startup_ccs.obj   12     620       0      
    +--+------------------------------+------+---------+---------+
       Total:                         888    620       0      
                                                              
    C:/ti/tivaware_c_series_2_1_4_178/driverlib/ccs/Debug/driverlib.lib
       sysctl.obj                     272    108       0      
       pwm.obj                        50     0         0      
    +--+------------------------------+------+---------+---------+
       Total:                         322    108       0      
                                                              
    C:\ti\ccsv7\tools\compiler\ti-cgt-arm_16.9.6.LTS\lib\rtsv7M4_T_le_v4SPD16_eabi.lib
       memcpy_t2.obj                  156    0         0      
       autoinit.obj                   112    0         0      
       copy_decompress_lzss.obj       104    0         0      
       exit.obj                       84     0         12     
       boot.obj                       84     0         0      
       cpy_tbl.obj                    76     0         0      
       _lock.obj                      20     0         8      
       args_main.obj                  24     0         0      
       copy_decompress_none.obj       14     0         0      
       pre_init.obj                   4      0         0      
       stkdepth_vars.obj              0      0         4      
       mpu_init.obj                   2      0         0      
       startup.obj                    2      0         0      
    +--+------------------------------+------+---------+---------+
       Total:                         682    0         24     
                                                              
       Stack:                         0      0         100    
       Linker Generated:              0      33        0      
    +--+------------------------------+------+---------+---------+
       Grand Total:                   1892   761       124    


LINKER GENERATED COPY TABLES

__TI_cinit_table @ 00000a5c records: 1, size/record: 8, table size: 8
	.data: load addr=00000a40, load size=00000011 bytes, run addr=20000064, run size=00000018 bytes, compression=lzss


LINKER GENERATED HANDLER TABLE

__TI_handler_table @ 00000a54 records: 2, size/record: 4, table size: 8
	index: 0, handler: __TI_decompress_lzss
	index: 1, handler: __TI_decompress_none


GLOBAL SYMBOLS: SORTED ALPHABETICALLY BY Name 

address   name                           
-------   ----                           
000008b1  C$$EXIT                        
00000951  PWMGenConfigure                
000009a1  PWMGenPeriodSet                
000009bf  ResetISR                       
UNDEFED   SHT$$INIT_ARRAY$$Base          
UNDEFED   SHT$$INIT_ARRAY$$Limit         
000005d9  SysCtlClockGet                 
20000064  __STACK_END                    
00000064  __STACK_SIZE                   
20000200  __STACK_TOP                    
00000a5c  __TI_CINIT_Base                
00000a64  __TI_CINIT_Limit               
00000a54  __TI_Handler_Table_Base        
00000a5c  __TI_Handler_Table_Limit       
00000785  __TI_auto_init                 
20000064  __TI_cleanup_ptr               
000007f5  __TI_decompress_lzss           
000009b1  __TI_decompress_none           
20000068  __TI_dtors_ptr                 
2000006c  __TI_enable_exit_profile_output
ffffffff  __TI_pprof_out_hndl            
ffffffff  __TI_prof_data_size            
ffffffff  __TI_prof_data_start           
00000000  __TI_static_base__             
000006e9  __aeabi_memcpy                 
000006e9  __aeabi_memcpy4                
000006e9  __aeabi_memcpy8                
ffffffff  __binit__                      
ffffffff  __c_args__                     
00000973  __mpu_init                     
20000000  __stack                        
00000975  _args_main                     
0000085d  _c_int00                       
20000070  _lock                          
0000099b  _nop                           
00000993  _register_lock                 
0000098d  _register_unlock               
000009cf  _system_post_cinit             
000009cb  _system_pre_init               
20000074  _unlock                        
000008b5  abort                          
ffffffff  binit                          
00000905  copy_in                        
000008bd  exit                           
00000000  g_pfnVectors                   
0000026d  main                           
20000078  main_func_sp                   
000006e9  memcpy                         


GLOBAL SYMBOLS: SORTED BY Symbol Address 

address   name                           
-------   ----                           
00000000  __TI_static_base__             
00000000  g_pfnVectors                   
00000064  __STACK_SIZE                   
0000026d  main                           
000005d9  SysCtlClockGet                 
000006e9  __aeabi_memcpy                 
000006e9  __aeabi_memcpy4                
000006e9  __aeabi_memcpy8                
000006e9  memcpy                         
00000785  __TI_auto_init                 
000007f5  __TI_decompress_lzss           
0000085d  _c_int00                       
000008b1  C$$EXIT                        
000008b5  abort                          
000008bd  exit                           
00000905  copy_in                        
00000951  PWMGenConfigure                
00000973  __mpu_init                     
00000975  _args_main                     
0000098d  _register_unlock               
00000993  _register_lock                 
0000099b  _nop                           
000009a1  PWMGenPeriodSet                
000009b1  __TI_decompress_none           
000009bf  ResetISR                       
000009cb  _system_pre_init               
000009cf  _system_post_cinit             
00000a54  __TI_Handler_Table_Base        
00000a5c  __TI_CINIT_Base                
00000a5c  __TI_Handler_Table_Limit       
00000a64  __TI_CINIT_Limit               
20000000  __stack                        
20000064  __STACK_END                    
20000064  __TI_cleanup_ptr               
20000068  __TI_dtors_ptr                 
2000006c  __TI_enable_exit_profile_output
20000070  _lock                          
20000074  _unlock                        
20000078  main_func_sp                   
20000200  __STACK_TOP                    
ffffffff  __TI_pprof_out_hndl            
ffffffff  __TI_prof_data_size            
ffffffff  __TI_prof_data_start           
ffffffff  __binit__                      
ffffffff  __c_args__                     
ffffffff  binit                          
UNDEFED   SHT$$INIT_ARRAY$$Base          
UNDEFED   SHT$$INIT_ARRAY$$Limit         

[48 symbols]
