******************************************************************************
                  TI ARM Linker PC v16.9.8                     
******************************************************************************
>> Linked Mon Dec 10 19:27:53 2018

OUTPUT FILE NAME:   <sensor_cc1350lp.out>
ENTRY POINT SYMBOL: "ResetISR"  address: 00015ca5


MEMORY CONFIGURATION

         name            origin    length      used     unused   attr    fill
----------------------  --------  ---------  --------  --------  ----  --------
  FLASH                 00000000   0001e000  0001bd98  00002268  R  X
  FLASH_NV              0001e000   00001000  00001000  00000000  RW X
  FLASH_LAST            0001f000   00001000  00000b38  000004c8  R  X
  SRAM                  20000000   00005000  000033b3  00001c4d  RW X


SEGMENT ALLOCATION MAP

run origin  load origin   length   init length attrs members
----------  ----------- ---------- ----------- ----- -------
00000000    00000000    00000c10   00000c10    r--
  00000000    00000000    0000003c   0000003c    r-- .resetVecs
  0000003c    0000003c    00000bd4   00000bd4    r-- config_const
00001000    00001000    0001b198   0001b198    r-x
  00001000    00001000    0000003c   0000003c    r-- .const:ti_sysbios_knl_Task_Object__PARAMS__C
  0000103c    0000103c    00000034   00000034    r-- .const:ti_sysbios_knl_Mailbox_Object__PARAMS__C
  00001070    00001070    00000030   00000030    r-- .const:ti_sysbios_family_arm_m3_Hwi_Object__PARAMS__C
  000010a0    000010a0    0000002c   0000002c    r-- .const:ti_sysbios_hal_Hwi_Object__PARAMS__C
  000010cc    000010cc    00000028   00000028    r-- .const:ti_sysbios_heaps_HeapMem_Module__FXNS__C
  000010f4    000010f4    00000028   00000028    r-- .const:ti_sysbios_knl_Swi_Object__PARAMS__C
  0000111c    0000111c    00000024   00000024    r-- .const:ti_sysbios_gates_GateHwi_Module__FXNS__C
  00001140    00001140    00000024   00000024    r-- .const:ti_sysbios_gates_GateMutex_Module__FXNS__C
  00001164    00001164    00000024   00000024    r-- .const:ti_sysbios_heaps_HeapMem_Object__PARAMS__C
  00001188    00001188    00000024   00000024    r-- .const:ti_sysbios_knl_Clock_Object__PARAMS__C
  000011ac    000011ac    00000024   00000024    r-- .const:ti_sysbios_knl_Semaphore_Object__PARAMS__C
  000011d0    000011d0    00000020   00000020    r-- .const:ti_sysbios_family_arm_m3_Hwi_Object__DESC__C
  000011f0    000011f0    00000020   00000020    r-- .const:ti_sysbios_gates_GateHwi_Object__DESC__C
  00001210    00001210    00000020   00000020    r-- .const:ti_sysbios_gates_GateMutex_Object__DESC__C
  00001230    00001230    00000020   00000020    r-- .const:ti_sysbios_hal_Hwi_Object__DESC__C
  00001250    00001250    00000020   00000020    r-- .const:ti_sysbios_heaps_HeapMem_Object__DESC__C
  00001270    00001270    00000020   00000020    r-- .const:ti_sysbios_knl_Clock_Object__DESC__C
  00001290    00001290    00000020   00000020    r-- .const:ti_sysbios_knl_Mailbox_Object__DESC__C
  000012b0    000012b0    00000020   00000020    r-- .const:ti_sysbios_knl_Queue_Object__DESC__C
  000012d0    000012d0    00000020   00000020    r-- .const:ti_sysbios_knl_Semaphore_Object__DESC__C
  000012f0    000012f0    00000020   00000020    r-- .const:ti_sysbios_knl_Swi_Object__DESC__C
  00001310    00001310    00000020   00000020    r-- .const:ti_sysbios_knl_Task_Object__DESC__C
  00001330    00001330    00000018   00000018    r-- .const:ti_sysbios_gates_GateHwi_Object__PARAMS__C
  00001348    00001348    00000018   00000018    r-- .const:ti_sysbios_gates_GateMutex_Object__PARAMS__C
  00001360    00001360    00000018   00000018    r-- .const:ti_sysbios_knl_Queue_Object__PARAMS__C
  00001378    00001378    00000008   00000008    r-- .const:ti_sysbios_knl_Idle_funcList__C
  00001384    00001384    00000004   00000004    r-- .const:ti_sysbios_family_arm_cc26xx_Timer_startupNeeded__C
  00001388    00001388    00000004   00000004    r-- .const:ti_sysbios_family_arm_m3_Hwi_E_alreadyDefined__C
  0000138c    0000138c    00000004   00000004    r-- .const:ti_sysbios_family_arm_m3_Hwi_E_hwiLimitExceeded__C
  00001390    00001390    00000004   00000004    r-- .const:ti_sysbios_family_arm_m3_Hwi_NUM_INTERRUPTS__C
  00001394    00001394    00000004   00000004    r-- .const:ti_sysbios_family_arm_m3_Hwi_Object__count__C
  00001398    00001398    00000004   00000004    r-- .const:ti_sysbios_family_arm_m3_Hwi_Object__table__C
  0000139c    0000139c    00000004   00000004    r-- .const:ti_sysbios_family_arm_m3_Hwi_ccr__C
  000013a0    000013a0    00000004   00000004    r-- .const:ti_sysbios_family_arm_m3_Hwi_excHandlerFunc__C
  000013a4    000013a4    00000004   00000004    r-- .const:ti_sysbios_family_arm_m3_Hwi_nullIsrFunc__C
  000013a8    000013a8    00000004   00000004    r-- .const:ti_sysbios_family_arm_m3_Hwi_numSparseInterrupts__C
  000013ac    000013ac    00000004   00000004    r-- .const:ti_sysbios_family_arm_m3_Hwi_priGroup__C
  000013b0    000013b0    00000004   00000004    r-- .const:ti_sysbios_family_arm_m3_TaskSupport_stackAlignment__C
  000013b4    000013b4    00000004   00000004    r-- .const:ti_sysbios_heaps_HeapMem_E_memory__C
  000013b8    000013b8    00000004   00000004    r-- .const:ti_sysbios_heaps_HeapMem_Module__gateObj__C
  000013bc    000013bc    00000004   00000004    r-- .const:ti_sysbios_heaps_HeapMem_Object__count__C
  000013c0    000013c0    00000004   00000004    r-- .const:ti_sysbios_heaps_HeapMem_Object__table__C
  000013c4    000013c4    00000004   00000004    r-- .const:ti_sysbios_heaps_HeapMem_reqAlign__C
  000013c8    000013c8    00000004   00000004    r-- .const:ti_sysbios_knl_Clock_serviceMargin__C
  000013cc    000013cc    00000004   00000004    r-- .const:ti_sysbios_knl_Mailbox_Object__count__C
  000013d0    000013d0    00000004   00000004    r-- .const:ti_sysbios_knl_Mailbox_Object__table__C
  000013d4    000013d4    00000004   00000004    r-- .const:ti_sysbios_knl_Mailbox_maxTypeAlign__C
  000013d8    000013d8    00000004   00000004    r-- .const:ti_sysbios_knl_Queue_Object__count__C
  000013dc    000013dc    00000004   00000004    r-- .const:ti_sysbios_knl_Queue_Object__table__C
  000013e0    000013e0    00000004   00000004    r-- .const:ti_sysbios_knl_Swi_Object__count__C
  000013e4    000013e4    00000004   00000004    r-- .const:ti_sysbios_knl_Swi_Object__table__C
  000013e8    000013e8    00000004   00000004    r-- .const:ti_sysbios_knl_Swi_numPriorities__C
  000013ec    000013ec    00000004   00000004    r-- .const:ti_sysbios_knl_Task_Object__count__C
  000013f0    000013f0    00000004   00000004    r-- .const:ti_sysbios_knl_Task_Object__table__C
  000013f4    000013f4    00000004   00000004    r-- .const:ti_sysbios_knl_Task_allBlockedFunc__C
  000013f8    000013f8    00000004   00000004    r-- .const:ti_sysbios_knl_Task_defaultStackHeap__C
  000013fc    000013fc    00000004   00000004    r-- .const:ti_sysbios_knl_Task_defaultStackSize__C
  00001400    00001400    00000004   00000004    r-- .const:ti_sysbios_knl_Task_numConstructedTasks__C
  00001406    00001406    00000002   00000002    r-- .const:ti_sysbios_family_arm_cc26xx_Timer_Module__id__C
  00001408    00001408    00000002   00000002    r-- .const:ti_sysbios_family_arm_cc26xx_TimestampProvider_useClockTimer__C
  0000140a    0000140a    00000002   00000002    r-- .const:ti_sysbios_family_arm_m3_Hwi_Module__id__C
  0000140c    0000140c    00000002   00000002    r-- .const:ti_sysbios_gates_GateHwi_Module__id__C
  0000140e    0000140e    00000002   00000002    r-- .const:ti_sysbios_gates_GateMutex_Module__id__C
  00001410    00001410    00000002   00000002    r-- .const:ti_sysbios_heaps_HeapMem_Module__id__C
  00001412    00001412    00000002   00000002    r-- .const:ti_sysbios_knl_Task_initStackFlag__C
  00001414    00001414    00000001   00000001    r-- .const:ti_sysbios_knl_Clock_tickMode__C
  00001418    00001418    00000008   00000008    r-- .const:xdc_runtime_Startup_firstFxns__C
  00001420    00001420    00000008   00000008    r-- .const:xdc_runtime_Startup_lastFxns__C
  00001428    00001428    00000004   00000004    r-- .const:xdc_runtime_Assert_E_assertFailed__C
  0000142c    0000142c    00000004   00000004    r-- .const:xdc_runtime_Error_E_memory__C
  00001430    00001430    00000004   00000004    r-- .const:xdc_runtime_Error_policyFxn__C
  00001434    00001434    00000004   00000004    r-- .const:xdc_runtime_IGateProvider_Interface__BASE__C
  00001438    00001438    00000004   00000004    r-- .const:xdc_runtime_IHeap_Interface__BASE__C
  0000143c    0000143c    00000004   00000004    r-- .const:xdc_runtime_IModule_Interface__BASE__C
  00001440    00001440    00000004   00000004    r-- .const:xdc_runtime_Main_Module__diagsEnabled__C
  00001444    00001444    00000004   00000004    r-- .const:xdc_runtime_Main_Module__diagsIncluded__C
  00001448    00001448    00000004   00000004    r-- .const:xdc_runtime_Main_Module__diagsMask__C
  0000144c    0000144c    00000004   00000004    r-- .const:xdc_runtime_Memory_defaultHeapInstance__C
  00001450    00001450    00000004   00000004    r-- .const:xdc_runtime_Startup_execImpl__C
  00001454    00001454    00000004   00000004    r-- .const:xdc_runtime_Startup_maxPasses__C
  00001458    00001458    00000004   00000004    r-- .const:xdc_runtime_Startup_sfxnRts__C
  0000145c    0000145c    00000004   00000004    r-- .const:xdc_runtime_Startup_sfxnTab__C
  00001460    00001460    00000004   00000004    r-- .const:xdc_runtime_Startup_startModsFxn__C
  00001464    00001464    00000004   00000004    r-- .const:xdc_runtime_SysCallback_abortFxn__C
  00001468    00001468    00000004   00000004    r-- .const:xdc_runtime_SysCallback_exitFxn__C
  0000146c    0000146c    00000004   00000004    r-- .const:xdc_runtime_System_abortFxn__C
  00001470    00001470    00000004   00000004    r-- .const:xdc_runtime_System_exitFxn__C
  00001474    00001474    00000004   00000004    r-- .const:xdc_runtime_System_maxAtexitHandlers__C
  00001478    00001478    00000004   00000004    r-- .const:xdc_runtime_Text_charTab__C
  0000147c    0000147c    00000004   00000004    r-- .const:xdc_runtime_Text_nameEmpty__C
  00001480    00001480    00000004   00000004    r-- .const:xdc_runtime_Text_nameStatic__C
  00001484    00001484    00000004   00000004    r-- .const:xdc_runtime_Text_nameUnknown__C
  00001488    00001488    00000002   00000002    r-- .const:xdc_runtime_Main_Module__id__C
  0000148a    0000148a    00000002   00000002    r-- .const:xdc_runtime_Memory_Module__id__C
  0000148c    0000148c    00000002   00000002    r-- .const:xdc_runtime_Text_charCnt__C
  0000148e    0000148e    00000002   00000002    r-- .const:xdc_runtime_Text_isLoaded__C
  00001490    00001490    00000001   00000001    r-- .const:xdc_runtime_Error_policy__C
  00001494    00001494    00000004   00000004    r-- .const:ti_sysbios_rom_ROM_AONRTCChannelEnable
  00001498    00001498    00000004   00000004    r-- .const:ti_sysbios_rom_ROM_AONRTCCompareValueSet
  0000149c    0000149c    00000004   00000004    r-- .const:ti_sysbios_rom_ROM_AONRTCCurrentCompareValueGet
  000014a0    000014a0    00000004   00000004    r-- .const:ti_sysbios_rom_ROM_AONRTCEventClear
  000014a4    000014a4    00000004   00000004    r-- .const:ti_sysbios_rom_ROM_ti_sysbios_family_arm_cc26xx_Timer_getCount64__E
  000014a8    000014a8    00000004   00000004    r-- .const:ti_sysbios_rom_ROM_ti_sysbios_family_arm_cc26xx_Timer_getCurrentTick__E
  000014ac    000014ac    00000004   00000004    r-- .const:ti_sysbios_rom_ROM_ti_sysbios_family_arm_cc26xx_Timer_getMaxTicks__E
  000014b0    000014b0    00000004   00000004    r-- .const:ti_sysbios_rom_ROM_ti_sysbios_family_arm_cc26xx_Timer_initDevice__I
  000014b4    000014b4    00000004   00000004    r-- .const:ti_sysbios_rom_ROM_ti_sysbios_family_arm_cc26xx_Timer_setNextTick__E
  000014b8    000014b8    00000004   00000004    r-- .const:ti_sysbios_rom_ROM_ti_sysbios_family_arm_cc26xx_Timer_setThreshold__I
  000014bc    000014bc    00000004   00000004    r-- .const:ti_sysbios_rom_ROM_ti_sysbios_family_arm_cc26xx_Timer_start__E
  000014c0    000014c0    00000004   00000004    r-- .const:ti_sysbios_rom_ROM_ti_sysbios_family_arm_cc26xx_TimestampProvider_get32__E
  000014c4    000014c4    00000004   00000004    r-- .const:ti_sysbios_rom_ROM_xdc_runtime_Startup_getState__I
  000014c8    000014c8    00000004   00000004    r-- .const:ti_sysbios_rom_ROM_xdc_runtime_System_SupportProxy_abort__E
  000014cc    000014cc    00000004   00000004    r-- .const:ti_sysbios_rom_ROM_xdc_runtime_System_SupportProxy_exit__E
  000014d0    000014d0    00000004   00000004    r-- .const:ti_sysbios_gates_GateMutex_Instance_State_sem__O
  000014d4    000014d4    00000004   00000004    r-- .const:ti_sysbios_knl_Clock_Module_State_clockQ__O
  000014d8    000014d8    00000004   00000004    r-- .const:ti_sysbios_knl_Mailbox_Instance_State_dataQue__O
  000014dc    000014dc    00000004   00000004    r-- .const:ti_sysbios_knl_Mailbox_Instance_State_dataSem__O
  000014e0    000014e0    00000004   00000004    r-- .const:ti_sysbios_knl_Mailbox_Instance_State_freeQue__O
  000014e4    000014e4    00000004   00000004    r-- .const:ti_sysbios_knl_Mailbox_Instance_State_freeSem__O
  000014e8    000014e8    00000004   00000004    r-- .const:ti_sysbios_knl_Semaphore_Instance_State_pendQ__O
  000014ec    000014ec    00000004   00000004    r-- .const:ti_sysbios_knl_Task_Module_State_inactiveQ__O
  000014f0    000014f0    00018bc8   00018bc8    r-x .text
  0001a0b8    0001a0b8    00001c14   00001c14    r-- .const
  0001bcd0    0001bcd0    000004c8   000004c8    r-- .cinit
0001e000    0001e000    00001ae0   00001ae0    r-x
  0001e000    0001e000    00001000   00001000    r-- .TI.bound:NV_FLASH
  0001f000    0001f000    00000ae0   00000ae0    r-x flash_last_text
0001ffa8    0001ffa8    00000058   00000058    r--
  0001ffa8    0001ffa8    00000058   00000058    r-- .ccfg
20000100    20000100    00002def   00000000    rw-
  20000100    20000100    00000044   00000000    rw- .data:ti_sysbios_knl_Task_Module__state__V
  20000144    20000144    00000034   00000000    rw- .data:ti_sysbios_family_arm_m3_Hwi_Module__state__V
  20000178    20000178    0000002c   00000000    rw- .data:ti_sysbios_knl_Clock_Module__state__V
  200001a4    200001a4    00000024   00000000    rw- .data:ti_sysbios_BIOS_Module__state__V
  200001c8    200001c8    0000001c   00000000    rw- .data:ti_sysbios_knl_Swi_Module__state__V
  200001e4    200001e4    00000008   00000000    rw- .data:ti_sysbios_family_arm_cc26xx_Timer_Module__state__V
  200001ec    200001ec    00000004   00000000    rw- .data:ti_sysbios_family_arm_cc26xx_TimestampProvider_Module__state__V
  200001f0    200001f0    00000008   00000000    rw- .data:xdc_runtime_Startup_Module__state__V
  200001f8    200001f8    00000008   00000000    rw- .data:xdc_runtime_System_Module__state__V
  20000200    20000200    00000004   00000000    rw- .data:xdc_runtime_Memory_Module__state__V
  20000208    20000208    000015f5   00000000    rw- .data
  20001800    20001800    000016ef   00000000    rw- .bss
20004b00    20004b00    00000500   00000000    rw-
  20004b00    20004b00    00000500   00000000    rw- .stack


SECTION ALLOCATION MAP

 output                                  attributes/
section   page    origin      length       input sections
--------  ----  ----------  ----------   ----------------
config_const 
*          0    0000003c    00000bd4     
                  0000003c    00000a8c     mac_user_config.obj (.const:$O21$$)
                  00000ac8    0000006c     mac_user_config.obj (.const:macRfDriverTable)
                  00000b34    00000055     mac_user_config.obj (.const:txPowerTable_subg_CC1310)
                  00000b89    00000050     mac_user_config.obj (.const:txPowerTable_subg_CC1350)
                  00000bd9    00000001     mac_user_config.obj (.const)
                  00000bda    00000002     --HOLE-- [fill = 0]
                  00000bdc    00000028     mac_user_config.obj (.const:macCryptoDriverTable)
                  00000c04    0000000c     mac_user_config.obj (.const:macTxPwrTbl)

.text      0    000014f0    00018bc8     
                  000014f0    00000618     maclib_secure.a : mac_rx.obj (.text:macRxFrameIsr)
                  00001b08    00000494     driverlib.lib : setup.obj (.text:TrimAfterColdResetWakeupFromShutDown$47)
                  00001f9c    00000440     main.obj (.text:taskFxn)
                  000023dc    000003a8     sensor.obj (.text:processSensorMsgEvt$37)
                  00002784    00000394     sensor.obj (.text:Sensor_process)
                  00002b18    00000388     rf_multiMode_cc13x0.aem3 : RFCC26XX_multiMode.oem3 (.text:RF_fsmActiveState)
                  00002ea0    00000384     maclib_secure.a : macwrapper.obj (.text:macWrapperAddDevice)
                  00003224    00000380                     : mac_radio.obj (.text:macRadioInitSubG)
                  000035a4    00000366     api_mac.obj (.text:processIncomingICallMsg$32)
                  0000390a    00000002     maclib_secure.a : fh_data.obj (.text:FHDATA_startEDFETimer)
                  0000390c    0000033c     rom_sysbios.aem3 : rom_sysbios.obj (.text:xdc_runtime_System_doPrint__I)
                  00003c48    0000030c     drivers_cc13x0.aem3 : PowerCC26XX_calibrateRCOSC.oem3 (.text:PowerCC26XX_auxISR)
                  00003f54    000002d4     maclib_secure.a : mac_mgmt.obj (.text:macBuildHeader)
                  00004228    000002c0     osal.obj (.text:osal_start_system)
                  000044e8    000002b8     maclib_secure.a : fh_ie.obj (.text:FHIE_genPieContent)
                  000047a0    0000029c                     : mac_rx.obj (.text:rxPayloadIsr)
                  00004a3c    0000027c     rf_multiMode_cc13x0.aem3 : RFCC26XX_multiMode.oem3 (.text:RF_scheduleCmd)
                  00004cb8    00000278     maclib_secure.a : mac.obj (.text:macRxCbSubG)
                  00004f30    0000025c     sensor.obj (.text:dataIndCB$37)
                  0000518c    00000240     maclib_secure.a : fh_ie.obj (.text:FHIE_parsePie)
                  000053cc    00000234                     : mac_security_pib.obj (.text:MAC_MlmeSetSecurityReq)
                  00005600    00000228     driverlib.lib : sys_ctrl.obj (.text:NOROM_SysCtrlSetRechargeBeforePowerDown)
                  00005828    00000224     drivers_cc13x0.aem3 : PowerCC26XX.oem3 (.text:Power_sleep)
                  00005a4c    0000021e     rtsv7M3_T_le_eabi.lib : ll_div_t2.obj (.text)
                  00005c6a    00000002     maclib_secure.a : fh_util.obj (.text:FHUTIL_noAction)
                  00005c6c    00000208     drivers_cc13x0.aem3 : CryptoCC26XX.oem3 (.text:cryptoTransactionExecute)
                  00005e74    000001fc     rtsv7M3_T_le_eabi.lib : s_exp2.obj (.text)
                  00006070    000001f4     maclib_secure.a : mac_radio_tx.obj (.text:macRadioTxGoSubG)
                  00006264    000001f4     rtsv7M3_T_le_eabi.lib : ull_div_t2.obj (.text)
                  00006458    000001e4     rf_multiMode_cc13x0.aem3 : RFCC26XX_multiMode.oem3 (.text:RF_open)
                  0000663c    000001d4     macstack.obj (.text:macStackEventLoop)
                  00006810    000001cc     maclib_secure.a : fh_ie.obj (.text:FHIE_extractPie)
                  000069dc    000001b8     drivers_cc13x0.aem3 : PINCC26XX.oem3 (.text:PIN_init)
                  00006b94    000001b6     rtsv7M3_T_le_eabi.lib : fd_add_t2.obj (.text)
                  00006d4a    00000002     rf_multiMode_cc13x0.aem3 : RFCC26XX_multiMode.oem3 (.text:RF_defaultCallback)
                  00006d4c    000001ac     maclib_secure.a : fh_api.obj (.text:FHAPI_start)
                  00006ef8    0000019c                     : macwrapper.obj (.text:macWrapperAddKeyInitFCtr)
                  00007094    00000198                     : mac_security_pib.obj (.text:macSecurityPibReset)
                  0000722c    00000194                     : mac_data.obj (.text:macTxCompleteCallback)
                  000073c0    00000190     drivers_cc13x0.aem3 : PowerCC26XX_calibrateRCOSC.oem3 (.text:PowerCC26XX_doCalibrate)
                  00007550    0000018c     maclib_secure.a : mac_security_pib.obj (.text:MAC_MlmeGetSecurityReq)
                  000076dc    00000188                     : mac_tx.obj (.text:txCsmaDelay)
                  00007864    00000184                     : mac_mgmt.obj (.text:macBuildCommonReq)
                  000079e8    00000180                     : fh_api.obj (.text:FHAPI_completeTxCb)
                  00007b68    00000180                     : fh_pib.obj (.text:FHPIB_set)
                  00007ce8    00000180                     : mac_pib.obj (.text:MAC_MlmeSetReq)
                  00007e68    00000180     icall_startup.obj (.text:startup_entry)
                  00007fe8    0000017c     driverlib.lib : crypto.obj (.text:NOROM_CRYPTOCcmInvAuthDecrypt)
                  00008164    00000178     maclib_secure.a : mac_data.obj (.text:MAC_McpsDataReq)
                  000082dc    00000178     driverlib.lib : crypto.obj (.text:NOROM_CRYPTOCcmAuthEncrypt)
                  00008454    00000174     maclib_secure.a : fh_ie.obj (.text:FHIE_parseCommonInformation)
                  000085c8    0000016e                     : mac_security.obj (.text:macIncomingFrameSecurityMaterialRetrieval)
                  00008736    00000002     drivers_cc13x0.aem3 : PowerCC26XX.oem3 (.text:emptyClockFunc)
                  00008738    00000164     maclib_secure.a : mac_radio_tx.obj (.text:macRadioCsmaTxCbSubG)
                  0000889c    00000160                     : fh_api.obj (.text:FHAPI_completeRxCb)
                  000089fc    0000015c     drivers_cc13x0.aem3 : UARTCC26XX.oem3 (.text:UARTCC26XX_open)
                  00008b58    00000158     maclib_secure.a : mac_security.obj (.text:macIncomingFrameSecurity)
                  00008cb0    00000154     drivers_cc13x0.aem3 : I2CCC26XX.oem3 (.text:I2CCC26XX_open)
                  00008e04    0000014c     maclib_secure.a : fh_api.obj (.text:FHAPI_sendData)
                  00008f50    0000014c                     : mac_scan.obj (.text:macApiScanReq)
                  0000909c    00000148     drivers_cc13x0.aem3 : UARTCC26XX.oem3 (.text:UARTCC26XX_hwiIntFxn)
                  000091e4    00000144     rf_multiMode_cc13x0.aem3 : RFCC26XX_multiMode.oem3 (.text:RF_radioOpDoneCb)
                  00009328    00000140     nvocop.obj (.text:compactPage$29)
                  00009468    0000013c     maclib_secure.a : mac_tx.obj (.text:macTxFrame)
                  000095a4    00000138     rf_multiMode_cc13x0.aem3 : RFCC26XX_multiMode.oem3 (.text:RF_ratSetupChannel)
                  000096dc    00000134     drivers_cc13x0.aem3 : UARTCC26XX.oem3 (.text:UARTCC26XX_read)
                  00009810    00000130     sensor.obj (.text:Sensor_sendMsg)
                  00009940    00000130     maclib_secure.a : mac_beacon_device.obj (.text:macRxBeaconCritical)
                  00009a70    0000012c                     : mac_data.obj (.text:macAllocTxBuffer)
                  00009b9c    00000128     rf_multiMode_cc13x0.aem3 : RFCC26XX_multiMode.oem3 (.text:RF_abortCmd)
                  00009cc4    00000128                              : RFCC26XX_multiMode.oem3 (.text:RF_fsmSetupState)
                  00009dec    00000128     maclib_secure.a : mac.obj (.text:macSendReceiveCmdSubG)
                  00009f14    00000124                     : mac_data.obj (.text:macRxCompleteCallback)
                  0000a038    00000120                     : mac_beacon_device.obj (.text:macApiSyncReq)
                  0000a158    0000011c     jdllc.obj (.text:assocCnfCb$34)
                  0000a274    0000011c     sensor.obj (.text:dataCnfCB$37)
                  0000a390    00000114     maclib_secure.a : fh_nt.obj (.text:FHNT_getRemoveEntryFromTemp)
                  0000a4a4    00000114     drivers_cc13x0.aem3 : PowerCC26XX.oem3 (.text:Power_init)
                  0000a5b8    00000110                         : I2CCC26XX.oem3 (.text:I2CCC26XX_hwiFxn)
                  0000a6c8    00000110     rf_multiMode_cc13x0.aem3 : RFCC26XX_multiMode.oem3 (.text:RF_close)
                  0000a7d8    0000010c     maclib_secure.a : mac_data.obj (.text:macBuildDataFrame)
                  0000a8e4    0000010c                     : mac_ie_build.obj (.text:macBuildPayloadIes)
                  0000a9f0    0000010c                     : mac.obj (.text:macSetupRATChanCompare)
                  0000aafc    00000108     rf_multiMode_cc13x0.aem3 : RFCC26XX_multiMode.oem3 (.text:RF_dispatchNextCmd)
                  0000ac04    00000108                              : RFCC26XX_multiMode.oem3 (.text:RF_fsmChangePhyState)
                  0000ad0c    00000108     ssf.obj (.text:Ssf_networkUpdate)
                  0000ae14    00000104     drivers_cc13x0.aem3 : UARTCC26XX.oem3 (.text:UARTCC26XX_write)
                  0000af18    00000104     maclib_secure.a : mac_beacon_device.obj (.text:macAutoPoll)
                  0000b01c    00000100                     : fh_nt.obj (.text:FHNT_purgeEntry)
                  0000b11c    00000100                     : mac_device.obj (.text:macBuildAssociateReq)
                  0000b21c    000000fe                     : fh_ie.obj (.text:FHIE_genHie)
                  0000b31a    000000fc                     : fh_ie.obj (.text:FHIE_genCommonInformation)
                  0000b416    00000002                     : mac_pwr.obj (.text:macApiPwrOnReq)
                  0000b418    000000fc                     : fh_nt.obj (.text:FHNT_getEntry)
                  0000b514    000000fc     rtsv7M3_T_le_eabi.lib : fd_mul_t2.obj (.text)
                  0000b610    000000f8     maclib_secure.a : mac_mgmt.obj (.text:macSetDefaultsByPhyID)
                  0000b708    000000f8     app_pem3.oem3 (.text:xdc_runtime_System_printfExtend__I)
                  0000b800    000000f4     rf_multiMode_cc13x0.aem3 : RFCC26XX_multiMode.oem3 (.text:RF_getInfo)
                  0000b8f4    000000f4     maclib_secure.a : mac_radio_tx.obj (.text:macRadioLbtTxCb)
                  0000b9e8    000000f0     driverlib.lib : rfc.obj (.text:NOROM_RFCOverrideUpdate)
                  0000bad8    000000f0                   : setup.obj (.text:NOROM_SetupTrimDevice)
                  0000bbc8    000000f0     rf_multiMode_cc13x0.aem3 : RFCC26XX_multiMode.oem3 (.text:RF_pendCmd)
                  0000bcb8    000000ec     maclib_secure.a : fh_mgr.obj (.text:FHMGR_bcTimerIsrCb)
                  0000bda4    000000ec                     : mac_mgmt.obj (.text:macBuildDisassociateReq)
                  0000be90    000000ec                     : mac_radio_tx.obj (.text:macRadioTxPrepCsmaSlottedSubG)
                  0000bf7c    000000ea                     : mac_mgmt.obj (.text:macBuildWSAsyncReq)
                  0000c066    00000002                     : mac.obj (.text:macClientSwitchCb)
                  0000c068    000000e8                     : fh_util.obj (.text:FHUTIL_adjBackOffDur)
                  0000c150    000000e8                     : mac_data.obj (.text:MAC_McpsDataAlloc)
                  0000c238    000000e4     dpl_cc13x0.aem3 : PowerCC26XX_tirtos.oem3 (.text:PowerCC26XX_standbyPolicy)
                  0000c31c    000000e0     maclib_secure.a : fh_ie.obj (.text:FHIE_parseHie)
                  0000c3fc    000000e0     rf_multiMode_cc13x0.aem3 : RFCC26XX_multiMode.oem3 (.text:RF_fsmPowerUpState)
                  0000c4dc    000000e0                              : RFCC26XX_multiMode.oem3 (.text:RF_requestAccess)
                  0000c5bc    000000e0     maclib_secure.a : mac_data.obj (.text:macDataTxSend)
                  0000c69c    000000e0                     : mac_radio_tx.obj (.text:macRadioTxAck)
                  0000c77c    000000dc                     : mac_mgmt.obj (.text:MAC_InitFH)
                  0000c858    000000dc     drivers_cc13x0.aem3 : PINCC26XX.oem3 (.text:PINCC26XX_setIoCfg)
                  0000c934    000000dc     maclib_secure.a : mac_main.obj (.text:macSendDataMsg)
                  0000ca10    000000d8                     : mac_security.obj (.text:macOutgoingFrameSecurity)
                  0000cae8    000000d4     drivers_cc13x0.aem3 : CryptoCC26XX.oem3 (.text:CryptoCC26XX_open)
                  0000cbbc    000000d4     driverlib.lib : rfc.obj (.text:NOROM_RFCRfTrimRead)
                  0000cc90    000000d4     maclib_secure.a : mac_mgmt.obj (.text:macCommStatusInd)
                  0000cd64    000000d0     macstack.obj (.text:MAC_CbackEvent)
                  0000ce34    000000cc     maclib_secure.a : fh_data.obj (.text:FHDATA_procASYNCReq)
                  0000cf00    000000cc                     : fh_nt.obj (.text:FHNT_AddDeviceCB)
                  0000cfcc    000000cc     driverlib.lib : crypto.obj (.text:NOROM_CRYPTOAesCbc)
                  0000d098    000000cc     nvocop.obj (.text:NVOCOP_writeItem)
                  0000d164    000000cc     rf_multiMode_cc13x0.aem3 : RFCC26XX_multiMode.oem3 (.text:RF_swiHw)
                  0000d230    000000cc     maclib_secure.a : mac_device.obj (.text:macApiAssociateReq)
                  0000d2fc    000000cc                     : mac_data.obj (.text:macApiDataReq)
                  0000d3c8    000000cc                     : mac_ie_build.obj (.text:macBuildHeaderIes)
                  0000d494    000000cc                     : mac_security.obj (.text:macOutgoingFrameKeyDescRetrieval)
                  0000d560    000000cc                     : mac_scan.obj (.text:macScanNextChan)
                  0000d62c    000000ca                     : fh_ie.obj (.text:FHIE_genPie)
                  0000d6f6    00000002                     : mac_mgmt.obj (.text:macNoAction)
                  0000d6f8    000000c8                     : mac_security.obj (.text:macCcmStarTransform)
                  0000d7c0    000000c8                     : mac_device.obj (.text:macDeviceReset)
                  0000d888    000000c8                     : mac.obj (.text:macSendFsCmd)
                  0000d950    000000c8                     : mac_symbol_timer.obj (.text:macSymbolTimerUpdateWakeup)
                  0000da18    000000c4     jdllc.obj (.text:Jdllc_init)
                  0000dadc    000000c4     rf_multiMode_cc13x0.aem3 : RFCC26XX_multiMode.oem3 (.text:RF_hwiCpe0Active)
                  0000dba0    000000c0     maclib_secure.a : fh_dh1cf.obj (.text:FHDH1CF_hashword)
                  0000dc60    000000c0     drivers_cc13x0.aem3 : I2CCC26XX.oem3 (.text:I2CCC26XX_transfer)
                  0000dd20    000000c0     maclib_secure.a : mac_scan.obj (.text:macScanRxBeacon)
                  0000dde0    000000bc                     : mac_scan.obj (.text:MAC_MlmeScanReq)
                  0000de9c    000000bc     drivers_cc13x0.aem3 : PowerCC26XX.oem3 (.text:Power_releaseDependency)
                  0000df58    000000bc     maclib_secure.a : mac_tx.obj (.text:macTxRequestCsmaDelay)
                  0000e014    000000bc     jdllc.obj (.text:pollCnfCb$34)
                  0000e0d0    000000b8     maclib_secure.a : fh_ie.obj (.text:FHIE_getPieContentLen)
                  0000e188    000000b8                     : mac_beacon.obj (.text:macBeaconSetSched)
                  0000e240    000000b8                     : mac_mgmt.obj (.text:macBuildBeaconNotifyInd)
                  0000e2f8    000000b8                     : mac_radio.obj (.text:macRadioPowerUp)
                  0000e3b0    000000b4                     : fh_nt.obj (.text:FHNT_createEntry)
                  0000e464    000000b4     drivers_cc13x0.aem3 : PowerCC26XX.oem3 (.text:Power_setDependency)
                  0000e518    000000b4     rf_multiMode_cc13x0.aem3 : RFCC26XX_multiMode.oem3 (.text:RF_control)
                  0000e5cc    000000b4     maclib_secure.a : mac_tx.obj (.text:macTxChannelBusyCallback)
                  0000e680    000000b0                     : mac_mgmt.obj (.text:MAC_MlmeResetReq)
                  0000e730    000000b0                     : mac_scan.obj (.text:macScanRxCoordRealign)
                  0000e7e0    000000b0     osal.obj (.text:osal_set_event)
                  0000e890    000000ac     rf_multiMode_cc13x0.aem3 : RFCC26XX_multiMode.oem3 (.text:RF_schChkCmdInsert)
                  0000e93c    000000ac     api_mac.obj (.text:processBeaconNotifyInd$32)
                  0000e9e8    000000ac     jdllc.obj (.text:processCoordRealign$34)
                  0000ea94    000000aa     maclib_secure.a : fh_ie.obj (.text:FHIE_genExcludedChannelRanges)
                  0000eb3e    00000002                     : mac_hl_patch.obj (.text:macSetDefaultsByPatch)
                  0000eb40    000000a4                     : fh_nt.obj (.text:FHNT_createFixedEntry)
                  0000ebe4    000000a4     driverlib.lib : crypto.obj (.text:NOROM_CRYPTOAesEcb)
                  0000ec88    000000a4     drivers_cc13x0.aem3 : UARTCC26XX.oem3 (.text:UARTCC26XX_initHw)
                  0000ed2c    000000a4     sensor.obj (.text:jdllcJoinedCb$37)
                  0000edd0    000000a4     maclib_secure.a : mac_coord.obj (.text:macIndirectSend)
                  0000ee74    000000a4                     : mac_rx.obj (.text:macRxInit)
                  0000ef18    000000a4     drivers_cc13x0.aem3 : PowerCC26XX.oem3 (.text:switchXOSCHFclockFunc)
                  0000efbc    000000a0     maclib_secure.a : fh_api.obj (.text:FHAPI_getTxParams_old)
                  0000f05c    000000a0     rf_multiMode_cc13x0.aem3 : RFCC26XX_multiMode.oem3 (.text:RF_ratRestartChannels)
                  0000f0fc    000000a0     ssf.obj (.text:Ssf_findBlackListIndex)
                  0000f19c    000000a0     auto_init.aem3 : auto_init.oem3 (.text)
                  0000f23c    000000a0     jdllc.obj (.text:beaconNotifyIndCb$34)
                  0000f2dc    000000a0     nvocop.obj (.text:findItemOffset$29)
                  0000f37c    000000a0     maclib_secure.a : mac_hl_patch.obj (.text:macCcmDecrypt)
                  0000f41c    000000a0                     : mac_data.obj (.text:macDataTxComplete)
                  0000f4bc    000000a0     nvocop.obj (.text:writeItem$29)
                  0000f55c    0000009e     rom_sysbios.aem3 : rom_sysbios.obj (.text:xdc_runtime_Text_putSite__E)
                  0000f5fa    00000002     maclib_secure.a : mac_symbol_timer.obj (.text:macSymbolTimerICallPwrNotify)
                  0000f5fc    0000009c     drivers_cc13x0.aem3 : UARTCC26XX.oem3 (.text:UARTCC26XX_writeCancel)
                  0000f698    0000009c     rtsv7M3_T_le_eabi.lib : memcpy_t2.obj (.text)
                  0000f734    00000098     maclib_secure.a : fh_data.obj (.text:FHDATA_CheckMinTxOffTime)
                  0000f7cc    00000098                     : fh_util.obj (.text:FHUTIL_getBcTxParams)
                  0000f864    00000098     nvocop.obj (.text:NVOCOP_deleteItem)
                  0000f8fc    00000098     drivers_cc13x0.aem3 : PINCC26XX.oem3 (.text:PIN_open)
                  0000f994    00000098     rf_multiMode_cc13x0.aem3 : RFCC26XX_multiMode.oem3 (.text:RF_calculateDispatchTime)
                  0000fa2c    00000098     drivers_cc13x0.aem3 : UARTCC26XX.oem3 (.text:UARTCC26XX_initIO)
                  0000fac4    00000098                         : UARTCC26XX.oem3 (.text:UARTCC26XX_swiIntFxn)
                  0000fb5c    00000098     maclib_secure.a : mac_hl_patch.obj (.text:macCcmEncrypt)
                  0000fbf4    00000098                     : mac_mgmt.obj (.text:macRxBeacon)
                  0000fc8c    00000098                     : mac_timer.obj (.text:macSymbolTimerTriggerCallback)
                  0000fd24    00000098     rom_sysbios.aem3 : rom_sysbios.obj (.text:ti_sysbios_knl_Clock_workFuncDynamic__E)
                  0000fdbc    00000098                      : rom_sysbios.obj (.text:xdc_runtime_Text_putMod__E)
                  0000fe54    00000094     driverlib.lib : crypto.obj (.text:NOROM_CRYPTOAesLoadKey)
                  0000fee8    00000094     board_led.obj (.text:board_led_blinkTimeoutCB$7)
                  0000ff7c    00000094     maclib_secure.a : mac_ie_build.obj (.text:macBuildPayloadCoexistIe)
                  00010010    00000094                     : mac_main.obj (.text:macCbackForEvent)
                  000100a4    00000094                     : mac_security.obj (.text:macCcmStarInverseTransform)
                  00010138    00000094                     : mac_data.obj (.text:macDataTxEnqueue)
                  000101cc    00000090     drivers_cc13x0.aem3 : I2CCC26XX.oem3 (.text:I2CCC26XX_cancel)
                  0001025c    00000090     rf_multiMode_cc13x0.aem3 : RFCC26XX_multiMode.oem3 (.text:RF_discardPendCmd)
                  000102ec    00000090     maclib_secure.a : mac_mgmt.obj (.text:macMgmtReset)
                  0001037c    00000090     jdllc.obj (.text:scanCnfCb$34)
                  0001040c    00000090     rom_sysbios.aem3 : rom_sysbios.obj (.text:ti_sysbios_family_arm_cc26xx_Timer_start__E)
                  0001049c    00000090     maclib_secure.a : mac_tx.obj (.text:txCsmaPrep)
                  0001052c    0000008c                     : fh_api.obj (.text:FHAPI_reset)
                  000105b8    0000008c                     : fh_data.obj (.text:FHDATA_getPktFromQueue)
                  00010644    0000008c     drivers_cc13x0.aem3 : I2CCC26XX.oem3 (.text:I2CCC26XX_primeTransfer)
                  000106d0    0000008c     jdllc.obj (.text:Jdllc_securityInit)
                  0001075c    0000008c     api_mac.obj (.text:copyDataInd$32)
                  000107e8    0000008c     maclib_secure.a : mac_radio_tx.obj (.text:macRadioFHEncryptFrame)
                  00010874    0000008c                     : mac_radio_tx.obj (.text:macRadioTxEnhAckCb)
                  00010900    0000008c                     : mac_radio_tx.obj (.text:macRadioTxPrepLbt)
                  0001098c    0000008a     drivers_cc13x0.aem3 : CryptoCC26XX.oem3 (.text:CryptoCC26XX_allocateKey)
                  00010a16    0000008a     maclib_secure.a : fh_ie.obj (.text:FHIE_extractHie)
                  00010aa0    00000088     driverlib.lib : osc.obj (.text:NOROM_OSCHF_GetStartupTime)
                  00010b28    00000088     maclib_secure.a : mac_mcu.obj (.text:macMcuBitReverse)
                  00010bb0    00000086     rtsv7M3_T_le_eabi.lib : fd_cmp_t2.obj (.text:__aeabi_cdcmple)
                  00010c36    00000086                           : fd_cmp_t2.obj (.text:__aeabi_cdrcmple)
                  00010cbc    00000084     rf_multiMode_cc13x0.aem3 : RFCC26XX_multiMode.oem3 (.text:RF_issueRadioFreeCb)
                  00010d40    00000084     drivers_cc13x0.aem3 : UARTCC26XX.oem3 (.text:UARTCC26XX_close)
                  00010dc4    00000084     maclib_secure.a : mac_security.obj (.text:macBlacklistChecking)
                  00010e48    00000084                     : mac_security.obj (.text:macIncomingSecurityLevelChecking)
                  00010ecc    00000084                     : mac_tx.obj (.text:macTxStartQueuedFrame)
                  00010f50    00000084     osal.obj (.text:osal_msg_receive)
                  00010fd4    00000084     maclib_secure.a : mac_tx.obj (.text:txComplete)
                  00011058    00000080                     : fh_nt.obj (.text:FHNT_addTempEUI)
                  000110d8    00000080                     : fh_nt.obj (.text:FHNT_initTempTable)
                  00011158    00000080     rf_multiMode_cc13x0.aem3 : RFCC26XX_multiMode.oem3 (.text:RF_hwiHw)
                  000111d8    00000080     maclib_secure.a : mac_pwr.obj (.text:macPwrVote)
                  00011258    00000080     mac_user_config.obj (.text:rf_patch_rfe_genfsk$35)
                  000112d8    0000007c     board_led.obj (.text:Board_Led_control)
                  00011354    0000007c     maclib_secure.a : fh_nt.obj (.text:FHNT_getRemoveEntry)
                  000113d0    0000007c                     : fh_nt.obj (.text:FHNT_getRemoveFixedEntry)
                  0001144c    0000007c     driverlib.lib : crypto.obj (.text:NOROM_CRYPTOCcmInvAuthDecryptResultGet)
                  000114c8    0000007c     rf_multiMode_cc13x0.aem3 : RFCC26XX_multiMode.oem3 (.text:RF_ratFreeChannel)
                  00011544    0000007c     maclib_secure.a : mac_mcu.obj (.text:macMcuOverflowSetPeriod)
                  000115c0    0000007c                     : mac_radio_tx.obj (.text:macRadioTxAckCb)
                  0001163c    0000007c                     : mac_radio.obj (.text:macRadioUpdateChannel)
                  000116b8    0000007c                     : mac_radio.obj (.text:macRadioUpdateChannelRx)
                  00011734    0000007c                     : mac_device.obj (.text:macRxAssocRsp)
                  000117b0    0000007c     jdllc.obj (.text:syncLossCb$34)
                  0001182c    0000007a     rtsv7M3_T_le_eabi.lib : memset_t2.obj (.text)
                  000118a6    00000002                           : i_div0.obj (.text)
                  000118a8    00000078     maclib_secure.a : fh_util.obj (.text:FHUTIL_getCurBfio)
                  00011920    00000078                     : fh_util.obj (.text:FHUTIL_getTxChannel)
                  00011998    00000078                     : mac_beacon.obj (.text:macBeaconCheckTxTime)
                  00011a10    00000078                     : mac_security.obj (.text:macKeyDescriptorLookup)
                  00011a88    00000078                     : mac_mcu.obj (.text:macMcuOverflowSetCompare)
                  00011b00    00000078                     : mac_beacon_device.obj (.text:macTrackTimeoutCallback)
                  00011b78    00000078     main.obj (.text:main)
                  00011bf0    00000078     jdllc.obj (.text:sendAssocReq$34)
                  00011c68    00000078     drivers_cc13x0.aem3 : UARTCC26XX.oem3 (.text:writeTxFifoFlush)
                  00011ce0    00000074     maclib_secure.a : fh_api.obj (.text:FHAPI_startBS)
                  00011d54    00000074                     : fh_data.obj (.text:FHDATA_purgeUnSupportedFrameTypes)
                  00011dc8    00000074                     : fh_util.obj (.text:FHUTIl_updateBTIE)
                  00011e3c    00000074     icall_cc2650.obj (.text:ICallPlatform_pwrUpdActivityCounter)
                  00011eb0    00000074     rf_multiMode_cc13x0.aem3 : RFCC26XX_multiMode.oem3 (.text:RF_yield)
                  00011f24    00000074     maclib_secure.a : mac_rx_onoff.obj (.text:macRxOn)
                  00011f98    00000072                     : fh_ie.obj (.text:FHIE_genBTIE)
                  0001200a    00000002     rtsv7M3_T_le_eabi.lib : l_div0.obj (.text)
                  0001200c    00000070     maclib_secure.a : fh_nt.obj (.text:FHNT_getNTIndexFromTempIndex)
                  0001207c    00000070                     : mac_beacon_device.obj (.text:MAC_InitBeaconDevice)
                  000120ec    00000070                     : mac_mgmt.obj (.text:MAC_ResumeReq)
                  0001215c    00000070     jdllc.obj (.text:dataCnfCb$34)
                  000121cc    00000070     maclib_secure.a : mac_beacon_device.obj (.text:macBeaconSyncLoss)
                  0001223c    00000070                     : mac_timer.obj (.text:macTimerRealign)
                  000122ac    00000070                     : mac_tx.obj (.text:macTxAckReceivedCallback)
                  0001231c    00000070                     : mac_ie_parse.obj (.text:macUpdateHeaderIEPtr)
                  0001238c    00000070     osal_pwrmgr.obj (.text:osal_pwrmgr_task_state)
                  000123fc    00000070     nvocop.obj (.text:writeWord$29)
                  0001246c    0000006e     rtsv7M3_T_le_eabi.lib : fd_tos_t2.obj (.text)
                  000124da    00000002     rom_sysbios.aem3 : rom_sysbios.obj (.text:ti_sysbios_BIOS_linkedWithIncorrectBootLibrary__E)
                  000124dc    0000006d                      : rom_sysbios.obj (.text:xdc_runtime_System_formatNum__I)
                  00012549    00000001     --HOLE-- [fill = 0]
                  0001254a    00000002     app_pem3.oem3 (.text:ti_sysbios_BIOS_nullFunc__I)
                  0001254c    0000006c     drivers_cc13x0.aem3 : PowerCC26XX_calibrateRCOSC.oem3 (.text:PowerCC26XX_initiateCalibration)
                  000125b8    0000006c     rf_multiMode_cc13x0.aem3 : RFCC26XX_multiMode.oem3 (.text:RF_initRadioSetup)
                  00012624    0000006c                              : RFCC26XX_multiMode.oem3 (.text:RF_ratDisableChannel)
                  00012690    0000006c     nvocop.obj (.text:findItemInCache$29)
                  000126fc    0000006c     maclib_secure.a : mac_tx.obj (.text:macGetRFAccessTime)
                  00012768    0000006c                     : mac_rx.obj (.text:macRxHaltCleanup)
                  000127d4    0000006c                     : mac_scan.obj (.text:macScanStartTimer)
                  00012840    0000006c                     : mac_symbol_timer.obj (.text:macSymbolTimerPeriodIsr)
                  000128ac    00000068                     : fh_nt.obj (.text:FHNT_getFixedEntry)
                  00012914    00000068                     : fh_nt.obj (.text:FHNT_getOptEntry)
                  0001297c    00000068                     : fh_util.obj (.text:FHUTIL_getGuardTime)
                  000129e4    00000068                     : mac_device.obj (.text:MAC_InitDevice)
                  00012a4c    00000068     driverlib.lib : sys_ctrl.obj (.text:NOROM_SysCtrlAdjustRechargeAfterPowerDown)
                  00012ab4    00000068                   : sys_ctrl.obj (.text:NOROM_SysCtrl_DCDC_VoltageConditionalControl)
                  00012b1c    00000068     ssf.obj (.text:Ssf_getNetworkInfo)
                  00012b84    00000068     drivers_cc13x0.aem3 : UARTCC26XX.oem3 (.text:UARTCC26XX_readCancel)
                  00012bec    00000068     mac_user_config.obj (.text:applyGenfskPatch$35)
                  00012c54    00000068     rtsv7M3_T_le_eabi.lib : copy_decompress_lzss.obj (.text:decompress:lzss)
                  00012cbc    00000068     drivers_cc13x0.aem3 : PowerCC26XX.oem3 (.text:lfClockReadyCallback)
                  00012d24    00000068     maclib_secure.a : mac_mgmt.obj (.text:macDisassocComplete)
                  00012d8c    00000068                     : mac_main.obj (.text:macExecute)
                  00012df4    00000068                     : mac_device.obj (.text:macRxCoordRealign)
                  00012e5c    00000068                     : mac_timer.obj (.text:macTimerUpdateSymbolTimer)
                  00012ec4    00000068     jdllc.obj (.text:sendScanReq$34)
                  00012f2c    00000068     jdllc.obj (.text:updateState$34)
                  00012f94    00000064     maclib_secure.a : fh_data.obj (.text:FHDATA_purgePktFromQueue)
                  00012ff8    00000064                     : fh_ie.obj (.text:FHIE_getCcaSfdTime)
                  0001305c    00000064                     : fh_ie.obj (.text:FHIE_getPieLen)
                  000130c0    00000064                     : fh_nt.obj (.text:FHNT_addOptEntry)
                  00013124    00000064     driverlib.lib : osc.obj (.text:NOROM_OSCHF_AttemptToSwitchToXosc)
                  00013188    00000064                   : setup_rom.obj (.text:NOROM_SetupGetTrimForAnabypassValue1)
                  000131ec    00000064     rf_multiMode_cc13x0.aem3 : RFCC26XX_multiMode.oem3 (.text:RF_checkForPreemption)
                  00013250    00000064     drivers_cc13x0.aem3 : PowerCC26XX.oem3 (.text:configureXOSCHF)
                  000132b4    00000064     maclib_secure.a : mac_mgmt.obj (.text:macApiDisassociateReq)
                  00013318    00000064                     : mac_device.obj (.text:macAssocDataRxInd)
                  0001337c    00000064                     : mac_mgmt.obj (.text:macBuildWSAsyncMsg)
                  000133e0    00000064                     : mac_radio_tx.obj (.text:macRadioSendImmAckSubG)
                  00013444    00000064                     : mac_radio_tx.obj (.text:macRadioTxPrepSlotted)
                  000134a8    00000064                     : mac_radio_tx.obj (.text:macRadioTxRequestAckTimeout)
                  0001350c    00000064                     : mac_radio.obj (.text:macRadioWakeupCb)
                  00013570    00000064                     : mac_symbol_timer.obj (.text:macSymbolTimerInit)
                  000135d4    00000064                     : mac_beacon_device.obj (.text:macSyncTimeoutCallback)
                  00013638    00000064     osal.obj (.text:osal_msg_enqueue_push$19)
                  0001369c    00000060     maclib_secure.a : fh_data.obj (.text:FHDATA_requeuePkt)
                  000136fc    00000060                     : fh_dh1cf.obj (.text:FHDH1CF_getBCChannelNum)
                  0001375c    00000060     drivers_cc13x0.aem3 : I2CCC26XX.oem3 (.text:I2CCC26XX_close)
                  000137bc    00000060     driverlib.lib : osc.obj (.text:NOROM_OSCClockSourceSet)
                  0001381c    00000060     drivers_cc13x0.aem3 : PowerCC26XX.oem3 (.text:PowerCC26XX_calibrate)
                  0001387c    00000060     rf_multiMode_cc13x0.aem3 : RFCC26XX_multiMode.oem3 (.text:RF_dispatchNextEvent)
                  000138dc    00000060                              : RFCC26XX_multiMode.oem3 (.text:RF_getCurrentTime)
                  0001393c    00000060     drivers_cc13x0.aem3 : UARTCC26XX.oem3 (.text:UARTCC26XX_control)
                  0001399c    00000060     maclib_secure.a : mac_data.obj (.text:macFrameDurationSubG)
                  000139fc    00000060                     : mac_radio.obj (.text:macRadioStartScan)
                  00013a5c    00000060                     : mac_mgmt.obj (.text:macRxDisassoc)
                  00013abc    00000060                     : mac_rx_onoff.obj (.text:macRxOffRequest)
                  00013b1c    00000060                     : mac_timer.obj (.text:macTimerCancel)
                  00013b7c    00000060                     : mac_beacon_device.obj (.text:macTrackStartCallback)
                  00013bdc    00000060     osal.obj (.text:osal_msg_send)
                  00013c3c    0000005e     maclib_secure.a : fh_ie.obj (.text:FHIE_genExcludedChannelMask)
                  00013c9a    0000005e                     : fh_mgr.obj (.text:FHMGR_updateRadioUCChannel)
                  00013cf8    0000005e     api_mac.obj (.text:convertTxOptions)
                  00013d56    00000002     rom_sysbios.aem3 : rom_sysbios.obj (.text:ti_sysbios_knl_Clock_triggerFunc__I)
                  00013d58    0000005c     jdllc.obj (.text:Jdllc_addSecDevice)
                  00013db4    0000005c     maclib_secure.a : mac_mgmt.obj (.text:MAC_Init)
                  00013e10    0000005c     drivers_cc13x0.aem3 : PowerCC26XX_calibrateRCOSC.oem3 (.text:PowerCC26XX_RCOSC_clockFunc)
                  00013e6c    0000005c     rf_multiMode_cc13x0.aem3 : RFCC26XX_multiMode.oem3 (.text:RF_syncCb)
                  00013ec8    0000005c     maclib_secure.a : mac_beacon.obj (.text:macBeaconSetupCap)
                  00013f24    0000005c                     : mac_security.obj (.text:macGetEUIIndex)
                  00013f80    0000005c                     : mac_radio.obj (.text:macGetRadioTxPowerReg)
                  00013fdc    0000005c                     : mac_device.obj (.text:macPollDataRxInd)
                  00014038    0000005c                     : mac_scan.obj (.text:macScanComplete)
                  00014094    0000005c                     : mac_main.obj (.text:macSendMsg)
                  000140f0    0000005c                     : mac_timer.obj (.text:macTimerAddTimer)
                  0001414c    0000005c                     : mac_beacon_device.obj (.text:macTrackPeriodCallback)
                  000141a8    0000005c     app_pem3.oem3 (.text:xdc_runtime_Startup_getState__I)
                  00014204    0000005b     rom_sysbios.aem3 : rom_sysbios.obj (.text:xdc_runtime_Text_putLab__E)
                  0001425f    00000001     --HOLE-- [fill = 0]
                  00014260    00000058     maclib_secure.a : fh_api.obj (.text:FHAPI_getTxParams)
                  000142b8    00000058                     : fh_nt.obj (.text:FHNT_DelDeviceCB)
                  00014310    00000058                     : fh_util.obj (.text:FHUTIL_getBitCounts)
                  00014368    00000058     drivers_cc13x0.aem3 : I2CCC26XX.oem3 (.text:I2CCC26XX_swiFxn)
                  000143c0    00000058                         : PINCC26XX.oem3 (.text:PIN_remove)
                  00014418    00000058     rf_multiMode_cc13x0.aem3 : RFCC26XX_multiMode.oem3 (.text:RF_TxPowerTable_findValue)
                  00014470    00000058                              : RFCC26XX_multiMode.oem3 (.text:RF_cmdDispatchTime)
                  000144c8    00000058                              : RFCC26XX_multiMode.oem3 (.text:RF_hwiCpe0PowerFsm)
                  00014520    00000058     maclib_secure.a : mac_beacon_device.obj (.text:macCheckPendAddr)
                  00014578    00000058                     : mac_radio.obj (.text:macRadioPowerDown)
                  000145d0    00000058                     : mac_radio_tx.obj (.text:macRadioTxBackoffBoundary)
                  00014628    00000056                     : fh_mgr.obj (.text:FHMGR_updateRadioBCChannel)
                  0001467e    00000054     drivers_cc13x0.aem3 : CryptoCC26XX.oem3 (.text:CryptoCC26XX_close)
                  000146d2    00000002     app_pem3.oem3 (.text:ti_sysbios_rom_cortexm_cc13xx_CC13xx_badRomRevision__E)
                  000146d4    00000054     maclib_secure.a : fh_ie.obj (.text:FHIE_getChannelPlan)
                  00014728    00000054                     : fh_mgr.obj (.text:FHMGR_macStartFHTimer)
                  0001477c    00000054                     : fh_pib.obj (.text:FHPIB_get)
                  000147d0    00000054     uart_printf.obj (.text:UartPrintf_flush)
                  00014824    00000054     maclib_secure.a : mac_device.obj (.text:macApiPollReq)
                  00014878    00000054                     : mac_data.obj (.text:macCheckIndPacket)
                  000148cc    00000054                     : mac_radio.obj (.text:macRadioSetChannel)
                  00014920    00000054                     : mac_radio.obj (.text:macRadioSetChannelRx)
                  00014974    00000054                     : mac_radio.obj (.text:macRadioUpdateTxPower)
                  000149c8    00000054                     : mac.obj (.text:macRatDisableChannels)
                  00014a1c    00000054                     : mac_symbol_timer.obj (.text:macSymbolTimerEventHandler)
                  00014a70    00000054                     : mac_timer.obj (.text:macSymbolTimerRolloverCallback)
                  00014ac4    00000054                     : mac_tx.obj (.text:macTxDoneCallback)
                  00014b18    00000054     api_mac.obj (.text:processScanCnf$32)
                  00014b6c    00000052     maclib_secure.a : fh_ie.obj (.text:FHIE_getSubPie)
                  00014bbe    00000052                     : mac_ie_parse.obj (.text:macUpdatePayloadIEPtr)
                  00014c10    00000050     dpl_cc13x0.aem3 : ClockP_tirtos.oem3 (.text:ClockP_construct)
                  00014c60    00000050     maclib_secure.a : fh_mgr.obj (.text:FHMGR_ucTimerIsrCb)
                  00014cb0    00000050     driverlib.lib : crypto.obj (.text:NOROM_CRYPTOCcmAuthEncryptResultGet)
                  00014d00    00000050     rf_multiMode_cc13x0.aem3 : RFCC26XX_multiMode.oem3 (.text:RF_applyRfCorePatch)
                  00014d50    00000050                              : RFCC26XX_multiMode.oem3 (.text:RF_fsmXOSCState)
                  00014da0    00000050                              : RFCC26XX_multiMode.oem3 (.text:RF_wakeupNotification)
                  00014df0    00000050     maclib_secure.a : mac_device.obj (.text:macAssocDataReqComplete)
                  00014e40    00000050                     : mac_sleep.obj (.text:macCanSleep)
                  00014e90    00000050                     : mac.obj (.text:macFsCb)
                  00014ee0    00000050                     : mac_main.obj (.text:macMainReset)
                  00014f30    00000050                     : mac_radio_tx.obj (.text:macRadioTxGoLbt)
                  00014f80    00000050                     : mac_rx.obj (.text:macRxNokIsr)
                  00014fd0    00000050                     : mac_timer.obj (.text:macTimerGetNextTimer)
                  00015020    00000050                     : mac_tx.obj (.text:macTxAckNotReceivedCallback)
                  00015070    00000050     osal.obj (.text:osal_msg_enqueue_max)
                  000150c0    00000050     drivers_cc13x0.aem3 : UARTCC26XX.oem3 (.text:startTxFifoEmptyClk)
                  00015110    0000004c     maclib_secure.a : fh_api.obj (.text:FHAPI_stopAsync)
                  0001515c    0000004c                     : fh_dh1cf.obj (.text:FHDH1CF_mapChIdxChannel)
                  000151a8    0000004c     drivers_cc13x0.aem3 : I2CCC26XX.oem3 (.text:I2CCC26XX_initHw)
                  000151f4    0000004c     maclib_secure.a : mac_pib.obj (.text:MAC_MlmeGetReq)
                  00015240    0000004c     rf_multiMode_cc13x0.aem3 : RFCC26XX_multiMode.oem3 (.text:RF_setTxPower)
                  0001528c    0000004c     maclib_secure.a : mac_beacon_device.obj (.text:macBeaconStartFrameResponseTimer)
                  000152d8    0000004c                     : mac.obj (.text:macStopCmd)
                  00015324    0000004c                     : mac_symbol_timer.obj (.text:macSymbolTimerSetRollover)
                  00015370    0000004c     rtsv7M3_T_le_eabi.lib : cpy_tbl.obj (.text)
                  000153bc    0000004a     maclib_secure.a : fh_dh1cf.obj (.text:FHDH1CF_getCh)
                  00015406    0000004a                     : fh_ie.obj (.text:FHIE_genUTIE)
                  00015450    0000004a     macstack.obj (.text:icall_slimMsgParser)
                  0001549a    00000002     rom_sysbios.aem3 : rom_sysbios.obj (.text:xdc_runtime_SysCallback_defaultAbort)
                  0001549c    00000048     board_lcd.obj (.text:Board_Lcd_writeStringValue)
                  000154e4    00000048     maclib_secure.a : fh_ie.obj (.text:FHIE_getHieLen)
                  0001552c    00000048                     : fh_ie.obj (.text:FHIE_isChannelPlanValid)
                  00015574    00000048                     : fh_nt.obj (.text:FHNT_getFixedNTIndexFromTempIndex)
                  000155bc    00000048                     : fh_nt.obj (.text:FHNT_putEntry)
                  00015604    00000048     jdllc.obj (.text:Jdllc_sendDisassociationRequest)
                  0001564c    00000048     drivers_cc13x0.aem3 : PINCC26XX.oem3 (.text:PIN_setOutputEnable)
                  00015694    00000048     ssf.obj (.text:Ssf_configurationUpdate)
                  000156dc    00000048     util_timer.obj (.text:Timer_construct)
                  00015724    00000048     util.obj (.text:Util_itoa)
                  0001576c    00000048     maclib_secure.a : mac_device.obj (.text:macAssocDataReq)
                  000157b4    00000048                     : mac_beacon.obj (.text:macBeaconRequeue)
                  000157fc    00000048                     : mac_mgmt.obj (.text:macCoordDestAddrCmp)
                  00015844    00000048                     : mac_data.obj (.text:macDataReset)
                  0001588c    00000048                     : mac_security.obj (.text:macIncomingKeyUsagePolicyChecking)
                  000158d4    00000048                     : mac_radio_tx.obj (.text:macRadioSendEnhAck)
                  0001591c    00000048                     : mac_radio_tx.obj (.text:macRadioTxPrepCsmaUnslottedSubG)
                  00015964    00000048                     : mac_rx_onoff.obj (.text:macRxDisable)
                  000159ac    00000048                     : mac_timer.obj (.text:macTimerUpdActive)
                  000159f4    00000048     drivers_cc13x0.aem3 : UARTCC26XX.oem3 (.text:writeFinishedDoCallback)
                  00015a3c    00000046     maclib_secure.a : fh_ie.obj (.text:FHIE_getCommonInformationLen)
                  00015a82    00000046                     : mac_security.obj (.text:macDeviceDescriptorLookup)
                  00015ac8    00000044                     : fh_api.obj (.text:FHAPI_getRemDT)
                  00015b0c    00000044                     : fh_data.obj (.text:FHDATA_getASYNCDelay)
                  00015b50    00000044                     : fh_nt.obj (.text:FHNT_getAvailEntry)
                  00015b94    00000044                     : fh_sm.obj (.text:FHSM_event)
                  00015bd8    00000044                     : fh_util.obj (.text:FHUTIL_getCurUfsi)
                  00015c1c    00000044     hal_trng_wrapper.obj (.text:HalTRNG_GetTRNG)
                  00015c60    00000044     drivers_cc13x0.aem3 : RingBuf.oem3 (.text:RingBuf_put)
                  00015ca4    00000044     boot.aem3 : boot.oem3 (.text)
                  00015ce8    00000044     nvocop.obj (.text:erasePage$29)
                  00015d2c    00000044     ssf.obj (.text:getNumBlackListEntries$38)
                  00015d70    00000044     maclib_secure.a : mac_mgmt.obj (.text:macDestSAddrCmp)
                  00015db4    00000044                     : mac_beacon_device.obj (.text:macIncomingNonSlottedTx)
                  00015df8    00000044                     : mac_device.obj (.text:macPollDataReqComplete)
                  00015e3c    00000044                     : mac.obj (.text:macSetupReceiveCmd)
                  00015e80    00000044                     : mac_main.obj (.text:mac_msg_deallocate)
                  00015ec4    00000044     jdllc.obj (.text:populateInfo$34)
                  00015f08    00000044     rom_sysbios.aem3 : rom_sysbios.obj (.text:xdc_runtime_Text_xprintf__I)
                  00015f4c    00000042     api_mac.obj (.text:copyMacPanDescToApiMacPanDesc$32)
                  00015f8e    00000002     rom_sysbios.aem3 : rom_sysbios.obj (.text:xdc_runtime_SysCallback_defaultExit)
                  00015f90    00000040     maclib_secure.a : fh_nt.obj (.text:FHNT_delTempIndex)
                  00015fd0    00000040                     : fh_nt.obj (.text:FHNT_putFixedEntry)
                  00016010    00000040     drivers_cc13x0.aem3 : I2C.oem3 (.text:I2C_init)
                  00016050    00000040                         : I2C.oem3 (.text:I2C_open)
                  00016090    00000040     osal.obj (.text:ICall_setTimer$19)
                  000160d0    00000040     maclib_secure.a : mac_symbol_timer.obj (.text:ICall_setTimer)
                  00016110    00000040                     : mac_tx.obj (.text:ICall_setTimer)
                  00016150    00000040     osal.obj (.text:ICall_setTimerMSecs$19)
                  00016190    00000040     driverlib.lib : chipinfo.obj (.text:NOROM_ChipInfo_GetHwRevision)
                  000161d0    00000040     nvocop.obj (.text:NVOCOP_initNV)
                  00016210    00000040     drivers_cc13x0.aem3 : PINCC26XX.oem3 (.text:PIN_swi)
                  00016250    00000040                         : UART.oem3 (.text:UART_init)
                  00016290    00000040                         : UART.oem3 (.text:UART_open)
                  000162d0    00000040     jdllc.obj (.text:handleMaxDataFail$34)
                  00016310    00000040     maclib_secure.a : mac_mcu.obj (.text:macMcuInit)
                  00016350    00000040                     : mac_device.obj (.text:macPollFrameResponseTimeout)
                  00016390    00000040     rtsv7M3_T_le_eabi.lib : u_divt2.obj (.text)
                  000163d0    00000040     jdllc.obj (.text:sendPollReq$34)
                  00016410    00000040     rom_sysbios.aem3 : rom_sysbios.obj (.text:ti_sysbios_family_arm_cc26xx_Timer_setThreshold__I)
                  00016450    0000003e     dpl_cc13x0.aem3 : HwiP_tirtos.oem3 (.text:HwiP_construct)
                  0001648e    0000003e     drivers_cc13x0.aem3 : RingBuf.oem3 (.text:RingBuf_get)
                  000164cc    0000003c     maclib_secure.a : fh_mgr.obj (.text:FHMGR_updateHopping)
                  00016508    0000003c                     : fh_nt.obj (.text:FHNT_reset)
                  00016544    0000003c     icall_cc2650.obj (.text:ICallPlatform_pwrConfigACAction)
                  00016580    0000003c     api_mac.obj (.text:ICall_sendServiceMsg$32)
                  000165bc    0000003c     driverlib.lib : osc.obj (.text:NOROM_OSC_HPOSCRelativeFrequencyOffsetGet)
                  000165f8    0000003c                   : rfc.obj (.text:NOROM_RFCSynthPowerDown)
                  00016634    0000003c     nvocop.obj (.text:NVOCOP_compactNV)
                  00016670    0000003c     drivers_cc13x0.aem3 : PowerCC26XX.oem3 (.text:PowerCC26XX_isStableXOSC_HF)
                  000166ac    0000003c     rf_multiMode_cc13x0.aem3 : RFCC26XX_multiMode.oem3 (.text:RF_cmdGet)
                  000166e8    0000003c     dpl_cc13x0.aem3 : SwiP_tirtos.oem3 (.text:SwiP_construct)
                  00016724    0000003c     drivers_cc13x0.aem3 : PowerCC26XX.oem3 (.text:disableLfClkQualifiersEnableClkLoss)
                  00016760    0000003c     maclib_secure.a : mac_beacon.obj (.text:macBeaconInit)
                  0001679c    0000003c                     : mac_pib.obj (.text:macMRFSKGetPhyDesc)
                  000167d8    0000003c                     : mac.obj (.text:macSetupFsCmd)
                  00016814    0000003c                     : mac_device.obj (.text:macStartFrameResponseTimer)
                  00016850    0000003c                     : mac_symbol_timer.obj (.text:macSymbolTimerCount)
                  0001688c    0000003c                     : mac_timer.obj (.text:macTimerSetRollover)
                  000168c8    0000003c                     : mac_tx.obj (.text:macTxDecrypt)
                  00016904    0000003c     osal.obj (.text:osal_msg_extract)
                  00016940    0000003c     rom_sysbios.aem3 : rom_sysbios.obj (.text:ti_sysbios_family_arm_m3_Hwi_construct2__E)
                  0001697c    0000003a     maclib_secure.a : fh_dh1cf.obj (.text:FHDH1CF_getChannelNum)
                  000169b6    0000003a                     : fh_util.obj (.text:FHUTIL_getChannelSpacing)
                  000169f0    0000003a     util.obj (.text:Util_bufferUint32)
                  00016a2a    00000002     --HOLE-- [fill = 0]
                  00016a2c    00000038     maclib_secure.a : fh_api.obj (.text:FHAPI_SFDRxCb)
                  00016a64    00000038     hal_trng_wrapper.obj (.text:HalTRNG_InitTRNG)
                  00016a9c    00000038     macstack.obj (.text:ICall_enrollService$26)
                  00016ad4    00000038     main.obj (.text:Main_assertHandler)
                  00016b0c    00000038     nvocop.obj (.text:NVOCOP_readItem)
                  00016b44    00000038     drivers_cc13x0.aem3 : PINCC26XX.oem3 (.text:PIN_setOutputValue)
                  00016b7c    00000038     rf_multiMode_cc13x0.aem3 : RFCC26XX_multiMode.oem3 (.text:RF_checkCmdFsError)
                  00016bb4    00000038                              : RFCC26XX_multiMode.oem3 (.text:RF_ieeeRequestFgCommand)
                  00016bec    00000038     board_key.obj (.text:board_key_keyFxn$5)
                  00016c24    00000038     jdllc.obj (.text:disassoCnfCb$34)
                  00016c5c    00000038     maclib_secure.a : mac_security.obj (.text:macGetEUI)
                  00016c94    00000038                     : mac.obj (.text:macSetTxPowerVal)
                  00016ccc    00000038                     : mac.obj (.text:macSetUserConfig)
                  00016d04    00000038                     : mac_symbol_timer.obj (.text:macSymbolTimerBCWakeUp)
                  00016d3c    00000038                     : mac_symbol_timer.obj (.text:macSymbolTimerRealignSubG)
                  00016d74    00000038                     : mac_symbol_timer.obj (.text:macSymbolTimerSetTrigger)
                  00016dac    00000038                     : mac_timer.obj (.text:macTimerRecalcUnaligned)
                  00016de4    00000038     osal.obj (.text:osal_msg_dequeue)
                  00016e1c    00000038     drivers_cc13x0.aem3 : UARTCC26XX.oem3 (.text:readData)
                  00016e54    00000038     rtsv7M3_T_le_eabi.lib : fs_tod_t2.obj (.text)
                  00016e8c    00000038                           : fs_toi_t2.obj (.text)
                  00016ec4    00000038                           : i_tofs_t2.obj (.text)
                  00016efc    00000038     rom_sysbios.aem3 : rom_sysbios.obj (.text:ti_sysbios_family_arm_cc26xx_Timer_getCurrentTick__E)
                  00016f34    00000038     maclib_secure.a : mac_tx.obj (.text:txGo)
                  00016f6c    00000038     drivers_cc13x0.aem3 : UARTCC26XX.oem3 (.text:writeData)
                  00016fa4    00000036     api_mac.obj (.text:ApiMac_convertCapabilityInfo)
                  00016fda    00000036     maclib_secure.a : fh_ie.obj (.text:FHIE_getPie)
                  00017010    00000034     osal.obj (.text:ICall_send$19)
                  00017044    00000034     maclib_secure.a : fh_mgr.obj (.text:ICall_setTimer)
                  00017078    00000034     driverlib.lib : ddi.obj (.text:NOROM_DDI32RegWrite)
                  000170ac    00000034                   : osc.obj (.text:NOROM_OSCHF_SwitchToRcOscTurnOffXosc)
                  000170e0    00000034     drivers_cc13x0.aem3 : PINCC26XX.oem3 (.text:PIN_setConfig)
                  00017114    00000034                         : PowerCC26XX.oem3 (.text:Power_releaseConstraint)
                  00017148    00000034     rf_multiMode_cc13x0.aem3 : RFCC26XX_multiMode.oem3 (.text:RF_powerConstraintRelease)
                  0001717c    00000034                              : RFCC26XX_multiMode.oem3 (.text:RF_runDirectImmediateCmd)
                  000171b0    00000034     nvocop.obj (.text:disableCache$29)
                  000171e4    00000034     maclib_secure.a : mac_mgmt.obj (.text:macApiWSAsyncReq)
                  00017218    00000034                     : mac_device.obj (.text:macAssocFailed)
                  0001724c    00000034                     : mac_device.obj (.text:macAssociateCnf)
                  00017280    00000034                     : mac_beacon_device.obj (.text:macBeaconStopTrack)
                  000172b4    00000034                     : mac_hl_patch.obj (.text:macCheckPhyRate)
                  000172e8    00000034                     : mac_data.obj (.text:macDataRxInd)
                  0001731c    00000034                     : mac.obj (.text:macRatDisableChannelB)
                  00017350    00000034                     : mac_data.obj (.text:macRxCheckMACPendingCallback)
                  00017384    00000034                     : mac_mgmt.obj (.text:macSetDefaultsByRE)
                  000173b8    00000034                     : mac_beacon_device.obj (.text:macStartBroadcastPendTimer)
                  000173ec    00000034                     : mac_symbol_timer.obj (.text:macSymbolSetupPwrMgmt)
                  00017420    00000034                     : mac_symbol_timer.obj (.text:macSymbolTimerICallTimerCback)
                  00017454    00000034                     : mac_tx.obj (.text:macTxUpdateIE)
                  00017488    00000034     drivers_cc13x0.aem3 : PowerCC26XX.oem3 (.text:notify)
                  000174bc    00000034     osal.obj (.text:osal_msg_enqueue)
                  000174f0    00000034     maclib_secure.a : mac_rx.obj (.text:rxPostRxUpdates)
                  00017524    00000034     rom_sysbios.aem3 : rom_sysbios.obj (.text:ti_sysbios_family_arm_cc26xx_Timer_initDevice__I)
                  00017558    00000034                      : rom_sysbios.obj (.text:ti_sysbios_knl_Swi_setPri__E)
                  0001758c    00000032     maclib_secure.a : fh_ie.obj (.text:FHIE_getHie)
                  000175be    00000032     icall_cc2650.obj (.text:ICallPlatform_pwrNotify$1)
                  000175f0    00000032     maclib_secure.a : mac_scan.obj (.text:macScanCnfInit)
                  00017622    00000032     rom_sysbios.aem3 : rom_sysbios.obj (.text:ti_sysbios_family_arm_cc26xx_Timer_setNextTick__E)
                  00017654    00000030     hal_flash_wrapper.obj (.text:HalFlashRead)
                  00017684    00000030     icall_cc2650.obj (.text:ICallPlatform_pwrRegisterNotify)
                  000176b4    00000030     maclib_secure.a : mac_security_pib.obj (.text:MAC_MlmeGetPointerSecurityReq)
                  000176e4    00000030     driverlib.lib : crypto.obj (.text:NOROM_CRYPTOAesEcbStatus)
                  00017714    00000030                   : crypto.obj (.text:NOROM_CRYPTOCcmAuthEncryptStatus)
                  00017744    00000030                   : crypto.obj (.text:NOROM_CRYPTOCcmInvAuthDecryptStatus)
                  00017774    00000030                   : setup_rom.obj (.text:NOROM_SetupSetAonRtcSubSecInc)
                  000177a4    00000030     drivers_cc13x0.aem3 : PowerCC26XX.oem3 (.text:Power_setConstraint)
                  000177d4    00000030     rf_multiMode_cc13x0.aem3 : RFCC26XX_multiMode.oem3 (.text:RF_queueEnd)
                  00017804    00000030     ssf.obj (.text:Ssf_setPollClock)
                  00017834    00000030     ssf.obj (.text:Ssf_setReadingClock)
                  00017864    00000030     ssf.obj (.text:Ssf_setScanBackoffClock)
                  00017894    00000030     jdllc.obj (.text:disassocIndCb$34)
                  000178c4    00000030     maclib_secure.a : mac_low_level.obj (.text:macLowLevelInit)
                  000178f4    00000030                     : mac.obj (.text:macRadioRequestAccess)
                  00017924    00000030                     : mac_rx_onoff.obj (.text:macRxSoftDisable)
                  00017954    00000030                     : mac_timer.obj (.text:macTimerInit)
                  00017984    00000030     osal.obj (.text:osal_alien2proxy)
                  000179b4    00000030     drivers_cc13x0.aem3 : UARTCC26XX.oem3 (.text:readData2RingBuf)
                  000179e4    00000030     app_pem3.oem3 (.text:ti_sysbios_BIOS_atExitFunc__I)
                  00017a14    00000030     app_pem3.oem3 (.text:ti_sysbios_BIOS_startFunc__I)
                  00017a44    0000002f     rom_sysbios.aem3 : rom_sysbios.obj (.text:xdc_runtime_Text_printVisFxn__I)
                  00017a73    00000001     --HOLE-- [fill = 0]
                  00017a74    0000002e     icall_cc2650.obj (.text:ICallPlatform_pwrDispenseImpl$1)
                  00017aa2    0000002e     icall_cc2650.obj (.text:ICallPlatform_pwrRequireImpl$1)
                  00017ad0    0000002e     drivers_cc13x0.aem3 : CryptoCC26XX.oem3 (.text:cryptoTransactionPend)
                  00017afe    0000002e     osal.obj (.text:osal_build_uint32)
                  00017b2c    0000002e     rtsv7M3_T_le_eabi.lib : i_tofd_t2.obj (.text)
                  00017b5a    00000002     --HOLE-- [fill = 0]
                  00017b5c    0000002c     maclib_secure.a : fh_data.obj (.text:FHDATA_chkASYNCStartReq)
                  00017b88    0000002c                     : fh_dh1cf.obj (.text:FHDH1CF_getTxChannelNum)
                  00017bb4    0000002c                     : fh_ie.obj (.text:FHIE_getExcludedChannelControl)
                  00017be0    0000002c                     : fh_mgr.obj (.text:FHMGR_macStartOneShotTimer)
                  00017c0c    0000002c                     : fh_util.obj (.text:FHUTIL_getCh0)
                  00017c38    0000002c                     : fh_sm.obj (.text:FSM_transaction_debug)
                  00017c64    0000002c                     : mac_pib.obj (.text:MAC_GetPHYParamReq)
                  00017c90    0000002c     driverlib.lib : chipinfo.obj (.text:NOROM_ChipInfo_GetChipType)
                  00017cbc    0000002c                   : osc.obj (.text:NOROM_OSCClockSourceGet)
                  00017ce8    0000002c                   : rfc.obj (.text:NOROM_RFCCpePatchReset)
                  00017d14    0000002c     drivers_cc13x0.aem3 : PINCC26XX.oem3 (.text:PINCC26XX_setMux)
                  00017d40    0000002c     rf_multiMode_cc13x0.aem3 : RFCC26XX_multiMode.oem3 (.text:RF_calculateDeltaTimeUs)
                  00017d6c    0000002c                              : RFCC26XX_multiMode.oem3 (.text:RF_executeDirectImmediateCmd)
                  00017d98    0000002c     dpl_cc13x0.aem3 : SemaphoreP_tirtos.oem3 (.text:SemaphoreP_constructBinary)
                  00017dc4    0000002c     ssf.obj (.text:Ssf_clearNetworkInfo)
                  00017df0    0000002c     uart_printf.obj (.text:UartPrintf_putch)
                  00017e1c    0000002c     nvocop.obj (.text:findOffset$29)
                  00017e48    0000002c     maclib_secure.a : mac_mgmt.obj (.text:macCoordAddrCmp)
                  00017e74    0000002c                     : mac_radio.obj (.text:macRadioPowerUpWait)
                  00017ea0    0000002c                     : mac.obj (.text:macRatCb_B)
                  00017ecc    0000002c                     : mac_rx_onoff.obj (.text:macRxHardDisable)
                  00017ef8    0000002c                     : mac_rx_onoff.obj (.text:macRxSoftEnable)
                  00017f24    0000002c                     : mac_tx.obj (.text:macTxTimestampCallback)
                  00017f50    0000002c     osal.obj (.text:osal_msec_timer_cback$19)
                  00017f7c    0000002c     saddr.obj (.text:sAddrCmp)
                  00017fa8    0000002c     rom_sysbios.aem3 : rom_sysbios.obj (.text:ti_sysbios_knl_Clock_getTicksUntilInterrupt__E)
                  00017fd4    0000002a                      : rom_sysbios.obj (.text:ti_sysbios_knl_Clock_getTimeout__E)
                  00017ffe    0000002a                      : rom_sysbios.obj (.text:xdc_runtime_System_putchar__I)
                  00018028    00000028     CC13X0_LAUNCHXL.obj (.text:CC1350_LAUNCHXL_rfDriverCallback$3)
                  00018050    00000028     drivers_cc13x0.aem3 : CryptoCC26XX.oem3 (.text:CryptoCC26XX_releaseKey)
                  00018078    00000028     maclib_secure.a : fh_api.obj (.text:FHAPI_setStateCb)
                  000180a0    00000028                     : fh_mgr.obj (.text:FHMGR_macCancelFHTimer)
                  000180c8    00000028                     : fh_nt.obj (.text:FHNT_init)
                  000180f0    00000028                     : fh_util.obj (.text:FHUTIL_getMaxChannels)
                  00018118    00000028     ssf.obj (.text:ICall_malloc$38)
                  00018140    00000028     driverlib.lib : aon_batmon.obj (.text:NOROM_AONBatMonTemperatureGetDegC)
                  00018168    00000028                   : rfc.obj (.text:NOROM_RFCDoorbellSendTo)
                  00018190    00000028     drivers_cc13x0.aem3 : PowerCC26XX.oem3 (.text:Power_registerNotify)
                  000181b8    00000028     rf_multiMode_cc13x0.aem3 : RFCC26XX_multiMode.oem3 (.text:RF_getTxPower)
                  000181e0    00000028     driverlib.lib : adi.obj (.text:SafeHapiVoid)
                  00018208    00000028     board_led.obj (.text:board_led_anyBlinking$7)
                  00018230    00000028     nvocop.obj (.text:findItem$29)
                  00018258    00000028     maclib_secure.a : mac_device.obj (.text:macAssocFrameResponseTimeout)
                  00018280    00000028                     : mac_beacon.obj (.text:macBeaconCheckSched)
                  000182a8    00000028                     : mac_pib.obj (.text:macPibReset)
[...]
1001ca6d  ti_sysbios_knl_Task_swapReturn                                            
1001ca97  ti_sysbios_rom_cortexm_cc13xx_CC13xx_getRevision__E                       
20000000  ti_sysbios_family_arm_m3_Hwi_ramVectors                                   
20000100  ti_sysbios_knl_Task_Module__state__V                                      
20000144  ti_sysbios_family_arm_m3_Hwi_Module__state__V                             
20000178  ti_sysbios_knl_Clock_Module__state__V                                     
200001a4  ti_sysbios_BIOS_Module__state__V                                          
200001c8  ti_sysbios_knl_Swi_Module__state__V                                       
200001e4  ti_sysbios_family_arm_cc26xx_Timer_Module__state__V                       
200001ec  ti_sysbios_family_arm_cc26xx_TimestampProvider_Module__state__V           
200001f0  xdc_runtime_Startup_Module__state__V                                      
200001f8  xdc_runtime_System_Module__state__V                                       
20000200  xdc_runtime_Memory_Module__state__V                                       
20000208  uartParams                                                                
2000022c  macUser0Cfg                                                               
2000025c  myTask                                                                    
200002ac  Main_user1Cfg                                                             
20000308  myTaskStack                                                               
20000690  hUart                                                                     
20000a94  pinUpperBound                                                             
20000a98  pinLowerBound                                                             
20000b2c  pinHandleTable                                                            
20000ba8  PowerCC26XX_module                                                        
20000cbc  Ssf_resetReseason                                                         
20000cc0  Ssf_resetCount                                                            
20000dc2  Sensor_events                                                             
20000e14  Sensor_msgStats                                                           
20000e8c  initBroadcastMsg                                                          
20000e8e  parentFound                                                               
20000e96  Jdllc_events                                                              
20000eb8  Jdllc_statistics                                                          
20000f38  macMRFSKGenPhyTable                                                       
20000fdc  ICall_enterCriticalSection                                                
20000fe0  ICall_leaveCriticalSection                                                
20000ff8  HEAPMGR_SIZE                                                              
20000ffc  ICall_dispatcher                                                          
20001060  fhObject                                                                  
20001130  macReqAccessTimeCnt                                                       
20001132  rxCmdHandle                                                               
20001134  fsCmdHandle                                                               
2000113c  lastPostCmd                                                               
20001140  macSfdDetectCback                                                         
20001148  pMacRadioConfig                                                           
2000114c  macRfDrvTblPtr                                                            
20001150  pRfPropTable                                                              
20001154  pMacRfAntSwitchSel                                                        
20001158  pMacRfAntPwrSel                                                           
20001168  macRxOutputSubG                                                           
20001174  macFrmFilter                                                              
20001188  FHIE_channelPlan                                                          
200011dc  ti_sysbios_knl_Task_Object__table__V                                      
20001270  ti_sysbios_family_arm_cc26xx_Timer_Object__table__V                       
200012fc  ti_sysbios_gates_GateMutex_Object__table__V                               
2000133c  macPhyTxPower                                                             
20001348  RF_handle                                                                 
2000134c  RF_params                                                                 
20001368  macBeaconPayload                                                          
2000139c  txCmdHandle                                                               
200013a0  pMacEnhancedAck                                                           
200013a4  macRadioAckFrame                                                          
200013ac  macAckTimer                                                               
200013cd  osal_entity                                                               
200013d4  osal_qHead                                                                
200013d8  osal_eventloop_hook                                                       
200013dc  osal_icallMsg_hook                                                        
200013e0  osal_semaphore                                                            
200013e4  osal_last_timestamp                                                       
200013e8  osal_tickperiod                                                           
200013ec  osal_max_msecs                                                            
200013fc  RF_cmdPropRxAdv                                                           
2000142c  pMacDataTx                                                                
20001430  macDataTxIndirect                                                         
20001434  macDataRequeueIndirect                                                    
20001438  macDataRxBeaconCritical                                                   
2000143c  macDataTxBeaconComplete                                                   
20001440  macDataSetSched                                                           
20001444  macDataCheckSched                                                         
20001448  macDataCheckTxTime                                                        
2000144c  macDataBeaconRequeue                                                      
20001450  csmPhy                                                                    
20001454  macTimerRollover                                                          
20001458  macTimerNewRollover                                                       
2000145c  ti_sysbios_knl_Swi_Module_State_0_readyQ__A                               
2000148c  ti_sysbios_knl_Swi_Object__table__V                                       
200014bc  ti_sysbios_knl_Task_Module_State_0_readyQ__A                              
200014ec  RF_cmdPropRadioDivSetup                                                   
20001514  macTxType                                                                 
20001515  macTxBe                                                                   
20001516  txAckReq                                                                  
2000151c  macTxCsmaBackoffDelay                                                     
20001520  macCsmaRtcTimerId                                                         
20001524  macAckDbg                                                                 
20001538  macActionSet                                                              
2000157c  RF_cmdPropTxAdv                                                           
2000159c  macBeaconMargin                                                           
200015bc  ti_sysbios_knl_Clock_Object__table__V                                     
200015dc  xdc_runtime_Error_IgnoreBlock                                             
20001618  RF_cmdPropCs                                                              
20001634  RF_cmdPropCsSlotted                                                       
20001650  macSpecUsecsPerSymbol                                                     
20001654  macSymbolTimerRollover                                                    
20001658  macPrevPeriodRatCount                                                     
2000165c  macSymbolTimerTrigger                                                     
20001668  RF_cmdFs                                                                  
20001680  ti_sysbios_family_arm_m3_Hwi_Object__table__V                             
20001698  ti_sysbios_heaps_HeapMem_Object__table__V                                 
200016b0  ApiMac_appEntity                                                          
200016bc  ApiMac_extAddr                                                            
200016c4  macStateTbl                                                               
200016d8  lastRatChanA                                                              
200016d9  lastRatChanB                                                              
200016da  macRxCmdActive                                                            
200016db  macTxCmdActive                                                            
200016dc  macFsCmdActive                                                            
200016de  macReqAccessCnt                                                           
200016e0  reqAccessAlloc                                                            
200016e2  macReqAccErrCnt                                                           
200016e4  numRfCmd                                                                  
200016e5  numRxCmd                                                                  
200016e6  numRxPostCmd                                                              
200016e8  pRfPropTableOld                                                           
200016ec  RF_cmdNop                                                                 
200016fc  macCfg                                                                    
2000170c  rfPatchTable                                                              
2000171c  AppTaskId                                                                 
20001720  pMacCbackQueryRetransmit                                                  
20001724  pMacCbackCheckPending                                                     
20001728  FH_FSM                                                                    
20001734  RFCC26XX_hwAttrs                                                          
20001744  OSAL_timeSeconds                                                          
2000174c  sector_addr                                                               
20001750  _lock                                                                     
20001754  _unlock                                                                   
20001760  FH_txTiming                                                               
20001768  pOverridesTable                                                           
20001770  ti_sysbios_family_arm_m3_Hwi_Module__root__V                              
20001778  ti_sysbios_gates_GateHwi_Module__root__V                                  
20001780  ti_sysbios_gates_GateMutex_Module__root__V                                
20001788  ti_sysbios_hal_Hwi_Module__root__V                                        
20001790  ti_sysbios_heaps_HeapMem_Module__root__V                                  
20001798  ti_sysbios_knl_Clock_Module__root__V                                      
200017a0  ti_sysbios_knl_Mailbox_Module__root__V                                    
200017a8  ti_sysbios_knl_Queue_Module__root__V                                      
200017b0  ti_sysbios_knl_Semaphore_Module__root__V                                  
200017b8  ti_sysbios_knl_Swi_Module__root__V                                        
200017c0  ti_sysbios_knl_Task_Module__root__V                                       
200017c8  xdc_runtime_Registry_Module__state__V                                     
200017d0  pwrmgr_initialized                                                        
200017d2  pwrmgr_attribute                                                          
200017d8  macAddrSize                                                               
200017e0  errno                                                                     
200017e4  main_func_sp                                                              
200017e8  ti_sysbios_family_arm_m3_Hwi_Module_State_0_excContext__A                 
200017ec  ti_sysbios_family_arm_m3_Hwi_Module_State_0_excStack__A                   
200017f0  ti_sysbios_knl_Task_Module_State_0_idleTask__A                            
200017f4  macTxSlottedDelay                                                         
200017f5  bInSwi                                                                    
200017f6  macRadioYielded                                                           
200017f7  macTxSlottedDelayFactor                                                   
200017f8  numTx                                                                     
200017fa  ti_sysbios_family_arm_m3_Hwi_Module_State_0_excActive__A                  
20001800  ti_sysbios_heaps_HeapMem_Instance_State_0_buf__A                          
20002238  ti_sysbios_knl_Task_Instance_State_0_stack__A                             
20002438  uartCC26XXObjects                                                         
20002560  enhancedAckBuf                                                            
2000265c  i2cCC26xxObjects                                                          
20002808  ti_sysbios_family_arm_m3_Hwi_dispatchTable                                
200028d0  FHPIB_db                                                                  
2000295c  FH_hnd                                                                    
200029e4  macPib                                                                    
20002a6c  cryptoCC26XXObjects                                                       
20002aec  FHNT_tableOpt                                                             
20002b68  macScan                                                                   
20002bbc  FHFSM_Dbg                                                                 
20002c00  macSecurityPib                                                            
20002c40  FHNT_hnd                                                                  
20002c78  macDeviceAction1                                                          
20002cb0  macBeaconDevice                                                           
20002ce4  macDevice                                                                 
20002d10  macRxFilter                                                               
20002d11  rxPromiscuousMode                                                         
20002d1c  macRxDataEntryOffset                                                      
20002d24  rxRadioBufferPtr                                                          
20002d30  macRxDataEntryQueue                                                       
20002d38  macTaskId                                                                 
20002d3c  Crypto_handle                                                             
20002d40  macCryptoDrvTblPtr                                                        
20002d44  macMain                                                                   
20002d50  macData                                                                   
20002d88  macMgmtAction1                                                            
20002db0  macBeacon                                                                 
20002dd0  uartCC26XXRingBuffer                                                      
20002df0  macReset                                                                  
20002e0c  macScanAction                                                             
20002e4c  macDeviceAction2                                                          
20002e60  macMgmtAction2                                                            
20002e84  macBeaconDeviceAction                                                     
20002e94  macDataTxDelay                                                            
20002ea4  PowerCC26XX_taskKey                                                       
20002ea8  PowerCC26XX_swiKey                                                        
20002eac  timerHead                                                                 
20002ebc  FHNT_tempTable                                                            
20002ec4  FHNT_Dbg                                                                  
20002ecb  driverlib_release_0_52354                                                 
20002ecc  ClockP_tickPeriod                                                         
20002ed0  macTasksEvents                                                            
20002ed4  macTimerActive                                                            
20002ed8  macTxTimestamp                                                            
20002edc  timerAlignedQ                                                             
20002ee0  timerUnalignedQ                                                           
20002ee4  macMgmt                                                                   
20002ee5  macPanCoordinator                                                         
20002ee6  macPhyChannel                                                             
20002ee7  macPwr                                                                    
20002ee8  macRxActive                                                               
20002ee9  macRxEnableFlags                                                          
20002eea  macRxOutgoingAckFlag                                                      
20002eeb  macSymbolTimerImpending                                                   
20002eec  macTxActive                                                               
20002eed  macUnitBackoffPeriod                                                      
20002eee  rxFhRsl                                                                   
20002eef  heapStart                                                                 
20004b00  __stack                                                                   
20004b00  heapEnd                                                                   
20005000  __STACK_END                                                               
20005000  __STACK_TOP                                                               
e000e000  ti_sysbios_family_arm_m3_Hwi_nvic                                         
ffffffff  __TI_pprof_out_hndl                                                       
ffffffff  __TI_prof_data_size                                                       
ffffffff  __TI_prof_data_start                                                      
ffffffff  __binit__                                                                 
ffffffff  __c_args__                                                                
ffffffff  binit                                                                     
UNDEFED   SHT$$INIT_ARRAY$$Base                                                     
UNDEFED   SHT$$INIT_ARRAY$$Limit                                                    

[1639 symbols]
